F:\Study\Github\MIMXRT1060_GC6153\MIMXRT1062_GC6153\CMSIS/mpu_armv7.h:191:22:ARM_MPU_Enable	16	static
F:\Study\Github\MIMXRT1060_GC6153\MIMXRT1062_GC6153\CMSIS/mpu_armv7.h:203:22:ARM_MPU_Disable	4	static
F:\Study\Github\MIMXRT1060_GC6153\MIMXRT1062_GC6153\drivers/fsl_clock.h:1164:24:CLOCK_GetMux	0	static
F:\Study\Github\MIMXRT1060_GC6153\MIMXRT1062_GC6153\drivers/fsl_clock.h:1201:24:CLOCK_GetDiv	0	static
F:\Study\Github\MIMXRT1060_GC6153\MIMXRT1062_GC6153\drivers/fsl_clock.h:1262:24:CLOCK_GetOscFreq	0	static
../board/board.c:24:10:BOARD_DebugConsoleSrcFreq	8	static
../board/board.c:43:6:BOARD_InitDebugConsole	8	static
../board/board.c:235:6:BOARD_ConfigMPU	24	static
