F:\Study\Github\MIMXRT1060_GC6153\MIMXRT1062_GC6153\drivers/fsl_common_arm.h:210:20:_SDK_AtomicLocalClearAndSet4Byte	4	static
F:\Study\Github\MIMXRT1060_GC6153\MIMXRT1062_GC6153\drivers/fsl_clock.h:1212:20:CLOCK_ControlGate	8	static
F:\Study\Github\MIMXRT1060_GC6153\MIMXRT1062_GC6153\drivers/fsl_clock.h:1229:20:CLOCK_EnableClock	8	static
F:\Study\Github\MIMXRT1060_GC6153\MIMXRT1062_GC6153\drivers/fsl_iomuxc.h:1270:20:IOMUXC_SetPinMux	4	static
F:\Study\Github\MIMXRT1060_GC6153\MIMXRT1062_GC6153\drivers/fsl_iomuxc.h:1302:20:IOMUXC_SetPinConfig	0	static
../board/pin_mux.c:221:6:BOARD_InitBootPins	8	static
../board/pin_mux.c:240:6:BOARD_InitPins	0	static
../board/pin_mux.c:262:6:BOARD_InitDEBUG_UART	40	static
../board/pin_mux.c:325:6:BOARD_InitSDRAM	16	static
../board/pin_mux.c:401:6:BOARD_InitCSI	40	static
../board/pin_mux.c:463:6:BOARD_InitLCD	48	static
../board/pin_mux.c:531:6:BOARD_InitCAN	16	static
../board/pin_mux.c:563:6:BOARD_InitENET	16	static
../board/pin_mux.c:599:6:BOARD_InitUSDHC	16	static
../board/pin_mux.c:637:6:BOARD_InitHyperFlash	16	static
