F:\Study\Github\MIMXRT1060_GC6153\MIMXRT1062_GC6153\drivers/fsl_common_arm.h:210:20:_SDK_AtomicLocalClearAndSet4Byte	4	static
F:\Study\Github\MIMXRT1060_GC6153\MIMXRT1062_GC6153\drivers/fsl_clock.h:1212:20:CLOCK_ControlGate	8	static
F:\Study\Github\MIMXRT1060_GC6153\MIMXRT1062_GC6153\drivers/fsl_clock.h:1229:20:CLOCK_EnableClock	8	static
F:\Study\Github\MIMXRT1060_GC6153\MIMXRT1062_GC6153\drivers/fsl_elcdif.h:373:20:ELCDIF_RgbModeStart	0	static
F:\Study\Github\MIMXRT1060_GC6153\MIMXRT1062_GC6153\drivers/fsl_elcdif.h:391:20:ELCDIF_SetNextBufferAddr	0	static
F:\Study\Github\MIMXRT1060_GC6153\MIMXRT1062_GC6153\drivers/fsl_iomuxc.h:1270:20:IOMUXC_SetPinMux	4	static
../user/drivers/elcdif_rgb.c:16:13:ELCDIF_InitPins	24	static
../user/drivers/elcdif_rgb.c:62:6:ELCDIF_Init	40	static
../user/drivers/elcdif_rgb.c:91:6:ELCDIF_Start	8	static
../user/drivers/elcdif_rgb.c:99:6:ELCDIF_SetBuff	8	static
