D:\MIMXRT1060_APP\MIMXRT1062_APP\MIMXRT1062_GC6153\CMSIS/core_cm7.h:1902:22:__NVIC_EnableIRQ	16	static
D:\MIMXRT1060_APP\MIMXRT1062_APP\MIMXRT1062_GC6153\CMSIS/core_cm7.h:2032:22:__NVIC_SetPriority	16	static
D:\MIMXRT1060_APP\MIMXRT1062_APP\MIMXRT1062_GC6153\drivers/fsl_common_arm.h:210:20:_SDK_AtomicLocalClearAndSet4Byte	4	static
D:\MIMXRT1060_APP\MIMXRT1062_APP\MIMXRT1062_GC6153\drivers/fsl_clock.h:1212:20:CLOCK_ControlGate	8	static
D:\MIMXRT1060_APP\MIMXRT1062_APP\MIMXRT1062_GC6153\drivers/fsl_clock.h:1229:20:CLOCK_EnableClock	8	static
D:\MIMXRT1060_APP\MIMXRT1062_APP\MIMXRT1062_GC6153\drivers/fsl_common_arm.h:488:24:EnableIRQ	8	static
D:\MIMXRT1060_APP\MIMXRT1062_APP\MIMXRT1062_GC6153\drivers/fsl_iomuxc.h:1270:20:IOMUXC_SetPinMux	4	static
D:\MIMXRT1060_APP\MIMXRT1062_APP\MIMXRT1062_GC6153\drivers/fsl_iomuxc.h:1302:20:IOMUXC_SetPinConfig	0	static
D:\MIMXRT1060_APP\MIMXRT1062_APP\MIMXRT1062_GC6153\drivers/fsl_lpspi.h:616:20:LPSPI_EnableInterrupts	0	static
D:\MIMXRT1060_APP\MIMXRT1062_APP\MIMXRT1062_GC6153\drivers/fsl_lpspi.h:631:20:LPSPI_DisableInterrupts	0	static
D:\MIMXRT1060_APP\MIMXRT1062_APP\MIMXRT1062_GC6153\drivers/fsl_lpspi.h:966:24:LPSPI_ReadData	0	static
../user/drivers/gc6153.c:27:13:display_process	16	static
../user/drivers/gc6153.c:44:13:image_process	16	static
../user/drivers/gc6153.c:98:6:LPSPI1_IRQHandler	8	static
../user/drivers/gc6153.c:105:17:GC6153_I2C_Transfer	24	static
../user/drivers/gc6153.c:125:17:GC6153_I2C_Receive	24	static
../user/drivers/gc6153.c:142:13:GC6153_PWDN	8	static
../user/drivers/gc6153.c:167:13:GC6153_InitPins	48	static
../user/drivers/gc6153.c:201:13:Camera_i2cinit	8	static
../user/drivers/gc6153.c:211:13:Camera_spiinit	16	static
../user/drivers/gc6153.c:224:10:GC6153_Init	8	static
