../drivers/fsl_lpspi.h:505:20:LPSPI_Enable	0	static
../drivers/fsl_lpspi.h:551:23:LPSPI_GetRxFifoSize	0	static
../drivers/fsl_lpspi.h:571:24:LPSPI_GetRxFifoCount	0	static
../drivers/fsl_lpspi.h:589:20:LPSPI_ClearStatusFlags	0	static
../drivers/fsl_lpspi.h:631:20:LPSPI_DisableInterrupts	0	static
../drivers/fsl_lpspi.h:656:20:LPSPI_EnableDMA	0	static
../drivers/fsl_lpspi.h:672:20:LPSPI_DisableDMA	0	static
../drivers/fsl_lpspi.h:687:24:LPSPI_GetTxRegisterAddress	0	static
../drivers/fsl_lpspi.h:702:24:LPSPI_GetRxRegisterAddress	0	static
../drivers/fsl_lpspi.h:791:20:LPSPI_FlushFifo	0	static
../drivers/fsl_lpspi.h:807:20:LPSPI_SetFifoWatermarks	0	static
../drivers/fsl_lpspi.h:966:24:LPSPI_ReadData	0	static
../drivers/fsl_lpspi_edma.c:75:13:LPSPI_SeparateEdmaReadData	8	static
../drivers/fsl_lpspi_edma.c:149:6:LPSPI_MasterTransferCreateHandleEDMA	32	static
../drivers/fsl_lpspi_edma.c:175:13:LPSPI_PrepareTransferEDMA	8	static
../drivers/fsl_lpspi_edma.c:201:10:LPSPI_MasterTransferEDMA	120	static
../drivers/fsl_lpspi_edma.c:521:13:EDMA_LpspiMasterCallback	24	static
../drivers/fsl_lpspi_edma.c:572:6:LPSPI_MasterTransferAbortEDMA	8	static
../drivers/fsl_lpspi_edma.c:594:10:LPSPI_MasterTransferGetCountEDMA	16	static
../drivers/fsl_lpspi_edma.c:641:6:LPSPI_SlaveTransferCreateHandleEDMA	32	static
../drivers/fsl_lpspi_edma.c:684:10:LPSPI_SlaveTransferEDMA	112	static
../drivers/fsl_lpspi_edma.c:954:13:EDMA_LpspiSlaveCallback	24	static
../drivers/fsl_lpspi_edma.c:1005:6:LPSPI_SlaveTransferAbortEDMA	8	static
../drivers/fsl_lpspi_edma.c:1027:10:LPSPI_SlaveTransferGetCountEDMA	16	static
