D:\MIMXRT1060_APP\MIMXRT1062_APP\MIMXRT1062_GC6153\CMSIS/core_cm7.h:1902:22:__NVIC_EnableIRQ	16	static
../drivers/fsl_common_arm.h:488:24:EnableIRQ	8	static
../drivers/fsl_flexio.h:486:20:FLEXIO_EnableShifterStatusInterrupts	0	static
../drivers/fsl_flexio.h:499:20:FLEXIO_DisableShifterStatusInterrupts	0	static
../drivers/fsl_flexio.h:569:24:FLEXIO_GetShifterStatusFlags	0	static
../drivers/fsl_flexio.h:582:20:FLEXIO_ClearShifterStatusFlags	0	static
../drivers/fsl_flexio.h:617:24:FLEXIO_GetTimerStatusFlags	0	static
../drivers/fsl_flexio_mculcd.h:513:20:FLEXIO_MCULCD_WriteData	0	static
../drivers/fsl_flexio_mculcd.h:523:20:FLEXIO_MCULCD_StartTransfer	8	static
../drivers/fsl_flexio_mculcd.h:533:20:FLEXIO_MCULCD_StopTransfer	8	static
../drivers/fsl_flexio_mculcd.c:57:10:FLEXIO_MCULCD_Init	24	static
../drivers/fsl_flexio_mculcd.c:82:6:FLEXIO_MCULCD_Deinit	8	static
../drivers/fsl_flexio_mculcd.c:101:6:FLEXIO_MCULCD_GetDefaultConfig	8	static
../drivers/fsl_flexio_mculcd.c:124:10:FLEXIO_MCULCD_SetBaudRate	4	static
../drivers/fsl_flexio_mculcd.c:163:10:FLEXIO_MCULCD_GetStatusFlags	8	static
../drivers/fsl_flexio_mculcd.c:193:6:FLEXIO_MCULCD_ClearStatusFlags	8	static
../drivers/fsl_flexio_mculcd.c:220:6:FLEXIO_MCULCD_EnableInterrupts	8	static
../drivers/fsl_flexio_mculcd.c:247:6:FLEXIO_MCULCD_DisableInterrupts	8	static
../drivers/fsl_flexio_mculcd.c:291:10:FLEXIO_MCULCD_ReadData	0	static
../drivers/fsl_flexio_mculcd.c:311:6:FLEXIO_MCULCD_SetSingleBeatWriteConfig	4	static
../drivers/fsl_flexio_mculcd.c:364:6:FLEXIO_MCULCD_ClearSingleBeatWriteConfig	4	static
../drivers/fsl_flexio_mculcd.c:389:6:FLEXIO_MCULCD_SetSingleBeatReadConfig	12	static
../drivers/fsl_flexio_mculcd.c:456:6:FLEXIO_MCULCD_ClearSingleBeatReadConfig	4	static
../drivers/fsl_flexio_mculcd.c:481:6:FLEXIO_MCULCD_SetMultiBeatsWriteConfig	4	static
../drivers/fsl_flexio_mculcd.c:552:6:FLEXIO_MCULCD_ClearMultiBeatsWriteConfig	4	static
../drivers/fsl_flexio_mculcd.c:585:6:FLEXIO_MCULCD_SetMultiBeatsReadConfig	12	static
../drivers/fsl_flexio_mculcd.c:669:6:FLEXIO_MCULCD_ClearMultiBeatsReadConfig	4	static
../drivers/fsl_flexio_mculcd.c:698:6:FLEXIO_MCULCD_WaitTransmitComplete	0	static
../drivers/fsl_flexio_mculcd.c:717:6:FLEXIO_MCULCD_WriteCommandBlocking	16	static
../drivers/fsl_flexio_mculcd.c:762:6:FLEXIO_MCULCD_WriteDataArrayBlocking	24	static
../drivers/fsl_flexio_mculcd.c:833:6:FLEXIO_MCULCD_ReadDataArrayBlocking	24	static
../drivers/fsl_flexio_mculcd.c:911:6:FLEXIO_MCULCD_WriteSameValueBlocking	24	static
../drivers/fsl_flexio_mculcd.c:958:6:FLEXIO_MCULCD_TransferBlocking	16	static
../drivers/fsl_flexio_mculcd.c:995:10:FLEXIO_MCULCD_TransferCreateHandle	32	static
../drivers/fsl_flexio_mculcd.c:1036:10:FLEXIO_MCULCD_TransferNonBlocking	16	static
../drivers/fsl_flexio_mculcd.c:1124:6:FLEXIO_MCULCD_TransferAbort	16	static
../drivers/fsl_flexio_mculcd.c:1168:10:FLEXIO_MCULCD_TransferGetCount	8	static
../drivers/fsl_flexio_mculcd.c:1193:6:FLEXIO_MCULCD_TransferHandleIRQ	16	static
