../drivers/fsl_common_arm.h:210:20:_SDK_AtomicLocalClearAndSet4Byte	4	static
../drivers/fsl_clock.h:1212:20:CLOCK_ControlGate	8	static
../drivers/fsl_clock.h:1229:20:CLOCK_EnableClock	8	static
../drivers/fsl_clock.h:1239:20:CLOCK_DisableClock	8	static
../drivers/fsl_enc.c:47:17:ENC_GetInstance	8	static
../drivers/fsl_enc.c:76:6:ENC_Init	16	static
../drivers/fsl_enc.c:174:6:ENC_Deinit	8	static
../drivers/fsl_enc.c:206:6:ENC_GetDefaultConfig	8	static
../drivers/fsl_enc.c:239:6:ENC_DoSoftwareLoadInitialPositionValue	0	static
../drivers/fsl_enc.c:257:6:ENC_SetSelfTestConfig	0	static
../drivers/fsl_enc.c:284:6:ENC_EnableWatchdog	0	static
../drivers/fsl_enc.c:302:10:ENC_GetStatusFlags	0	static
../drivers/fsl_enc.c:351:6:ENC_ClearStatusFlags	0	static
../drivers/fsl_enc.c:403:6:ENC_EnableInterrupts	0	static
../drivers/fsl_enc.c:454:6:ENC_DisableInterrupts	0	static
../drivers/fsl_enc.c:506:10:ENC_GetEnabledInterrupts	0	static
../drivers/fsl_enc.c:549:6:ENC_SetInitialPositionValue	0	static
../drivers/fsl_enc.c:562:10:ENC_GetPositionValue	0	static
../drivers/fsl_enc.c:584:10:ENC_GetHoldPositionValue	0	static
