../drivers/fsl_common_arm.h:210:20:_SDK_AtomicLocalClearAndSet4Byte	4	static
../drivers/fsl_clock.h:1212:20:CLOCK_ControlGate	8	static
../drivers/fsl_clock.h:1229:20:CLOCK_EnableClock	8	static
../drivers/fsl_clock.h:1239:20:CLOCK_DisableClock	8	static
../drivers/fsl_dcdc.c:50:17:DCDC_GetInstance	8	static
../drivers/fsl_dcdc.c:119:6:DCDC_Init	8	static
../drivers/fsl_dcdc.c:133:6:DCDC_Deinit	8	static
../drivers/fsl_dcdc.c:200:6:DCDC_SetClockSource	8	static
../drivers/fsl_dcdc.c:245:6:DCDC_GetDefaultDetectionConfig	8	static
../drivers/fsl_dcdc.c:273:6:DCDC_SetDetectionConfig	8	static
../drivers/fsl_dcdc.c:351:6:DCDC_GetDefaultLowPowerConfig	8	static
../drivers/fsl_dcdc.c:371:6:DCDC_SetLowPowerConfig	8	static
../drivers/fsl_dcdc.c:404:10:DCDC_GetstatusFlags	0	static
../drivers/fsl_dcdc.c:423:6:DCDC_ResetCurrentAlertSignal	0	static
../drivers/fsl_dcdc.c:454:6:DCDC_GetDefaultLoopControlConfig	8	static
../drivers/fsl_dcdc.c:477:6:DCDC_SetLoopControlConfig	8	static
../drivers/fsl_dcdc.c:542:6:DCDC_SetMinPowerConfig	8	static
../drivers/fsl_dcdc.c:725:6:DCDC_AdjustTargetVoltage	4	static
../drivers/fsl_dcdc.c:756:6:DCDC_AdjustRunTargetVoltage	0	static
../drivers/fsl_dcdc.c:787:6:DCDC_AdjustLowPowerTargetVoltage	0	static
../drivers/fsl_dcdc.c:814:6:DCDC_SetInternalRegulatorConfig	8	static
../drivers/fsl_dcdc.c:900:6:DCDC_BootIntoDCM	0	static
../drivers/fsl_dcdc.c:916:6:DCDC_BootIntoCCM	0	static
