D:\MIMXRT1060_APP\MIMXRT1062_APP\MIMXRT1062_GC6153\CMSIS/core_cm7.h:1902:22:__NVIC_EnableIRQ	16	static
../drivers/fsl_common_arm.h:210:20:_SDK_AtomicLocalClearAndSet4Byte	4	static
../drivers/fsl_clock.h:1212:20:CLOCK_ControlGate	8	static
../drivers/fsl_clock.h:1229:20:CLOCK_EnableClock	8	static
../drivers/fsl_common_arm.h:488:24:EnableIRQ	8	static
../drivers/fsl_flexspi.h:415:20:FLEXSPI_SoftwareReset	0	static
../drivers/fsl_flexspi.h:453:20:FLEXSPI_EnableInterrupts	0	static
../drivers/fsl_flexspi.h:464:20:FLEXSPI_DisableInterrupts	0	static
../drivers/fsl_flexspi.h:599:20:FLEXSPI_ClearInterruptStatusFlags	0	static
../drivers/fsl_flexspi.h:668:20:FLEXSPI_GetBusIdleStatus	0	static
../drivers/fsl_flexspi.c:114:13:FLEXSPI_Memset	8	static
../drivers/fsl_flexspi.c:126:10:FLEXSPI_GetInstance	8	static
../drivers/fsl_flexspi.c:144:17:FLEXSPI_CalculateDll	8	static
../drivers/fsl_flexspi.c:206:10:FLEXSPI_CheckAndClearError	16	static
../drivers/fsl_flexspi.c:252:6:FLEXSPI_Init	16	static
../drivers/fsl_flexspi.c:347:6:FLEXSPI_GetDefaultConfig	16	static
../drivers/fsl_flexspi.c:403:6:FLEXSPI_Deinit	8	static
../drivers/fsl_flexspi.c:416:6:FLEXSPI_UpdateDllValue	16	static
../drivers/fsl_flexspi.c:467:6:FLEXSPI_SetFlashConfig	24	static
../drivers/fsl_flexspi.c:554:6:FLEXSPI_UpdateLUT	24	static
../drivers/fsl_flexspi.c:586:6:FLEXSPI_UpdateRxSampleClock	16	static
../drivers/fsl_flexspi.c:615:10:FLEXSPI_WriteBlocking	24	static
../drivers/fsl_flexspi.c:674:10:FLEXSPI_ReadBlocking	32	static
../drivers/fsl_flexspi.c:761:10:FLEXSPI_TransferBlocking	16	static
../drivers/fsl_flexspi.c:828:6:FLEXSPI_TransferCreateHandle	24	static
../drivers/fsl_flexspi.c:869:10:FLEXSPI_TransferNonBlocking	8	static
../drivers/fsl_flexspi.c:946:10:FLEXSPI_TransferGetCount	8	static
../drivers/fsl_flexspi.c:973:6:FLEXSPI_TransferAbort	8	static
../drivers/fsl_flexspi.c:987:6:FLEXSPI_TransferHandleIRQ	24	static
../drivers/fsl_flexspi.c:1099:6:FLEXSPI_DriverIRQHandler	8	static
