../drivers/fsl_common_arm.h:568:24:DisableGlobalIRQ	0	static
../drivers/fsl_common_arm.h:595:20:EnableGlobalIRQ	0	static
../drivers/fsl_spdif.h:284:20:SPDIF_RxEnable	0	static
../drivers/fsl_spdif.h:387:20:SPDIF_EnableDMA	0	static
../drivers/fsl_spdif.h:407:24:SPDIF_TxGetLeftDataRegisterAddress	0	static
../drivers/fsl_spdif.h:420:24:SPDIF_TxGetRightDataRegisterAddress	0	static
../drivers/fsl_spdif.h:433:24:SPDIF_RxGetLeftDataRegisterAddress	0	static
../drivers/fsl_spdif.h:446:24:SPDIF_RxGetRightDataRegisterAddress	0	static
../drivers/fsl_spdif_edma.c:86:13:SPDIF_TxEDMACallback	16	static
../drivers/fsl_spdif_edma.c:106:13:SPDIF_RxEDMACallback	16	static
../drivers/fsl_spdif_edma.c:126:17:SPDIF_SubmitTransfer	40	static
../drivers/fsl_spdif_edma.c:256:6:SPDIF_TransferTxCreateHandleEDMA	32	static
../drivers/fsl_spdif_edma.c:308:6:SPDIF_TransferRxCreateHandleEDMA	32	static
../drivers/fsl_spdif_edma.c:358:10:SPDIF_TransferSendEDMA	72	static
../drivers/fsl_spdif_edma.c:429:10:SPDIF_TransferReceiveEDMA	72	static
../drivers/fsl_spdif_edma.c:494:6:SPDIF_TransferAbortSendEDMA	16	static
../drivers/fsl_spdif_edma.c:521:6:SPDIF_TransferAbortReceiveEDMA	16	static
../drivers/fsl_spdif_edma.c:551:10:SPDIF_TransferGetSendCountEDMA	16	static
../drivers/fsl_spdif_edma.c:580:10:SPDIF_TransferGetReceiveCountEDMA	16	static
