F:\Study\Github\MIMXRT1060_GC6153\MIMXRT1062_GC6153\CMSIS/core_cm7.h:1902:22:__NVIC_EnableIRQ	16	static
../drivers/fsl_common_arm.h:210:20:_SDK_AtomicLocalClearAndSet4Byte	4	static
../drivers/fsl_clock.h:1212:20:CLOCK_ControlGate	8	static
../drivers/fsl_clock.h:1229:20:CLOCK_EnableClock	8	static
../drivers/fsl_clock.h:1239:20:CLOCK_DisableClock	8	static
../drivers/fsl_common_arm.h:488:24:EnableIRQ	8	static
../drivers/fsl_common_arm.h:568:24:DisableGlobalIRQ	0	static
../drivers/fsl_common_arm.h:595:20:EnableGlobalIRQ	0	static
../drivers/fsl_enet.h:916:20:ENET_Reset	0	static
../drivers/fsl_enet.h:959:20:ENET_GetSMI	0	static
../drivers/fsl_enet.h:1208:20:ENET_EnableSleepMode	0	static
../drivers/fsl_enet.h:1260:20:ENET_EnableInterrupts	0	static
../drivers/fsl_enet.c:171:10:ENET_GetInstance	8	static
../drivers/fsl_enet.c:203:6:ENET_GetDefaultConfig	8	static
../drivers/fsl_enet.c:254:10:ENET_Up	40	static
../drivers/fsl_enet.c:320:10:ENET_Init	32	static
../drivers/fsl_enet.c:346:6:ENET_Down	8	static
../drivers/fsl_enet.c:370:6:ENET_Deinit	8	static
../drivers/fsl_enet.c:383:6:ENET_SetCallback	8	static
../drivers/fsl_enet.c:409:6:ENET_SetRxISRHandler	8	static
../drivers/fsl_enet.c:417:6:ENET_SetTxISRHandler	8	static
../drivers/fsl_enet.c:426:6:ENET_SetErrISRHandler	8	static
../drivers/fsl_enet.c:452:13:ENET_SetHandler	24	static
../drivers/fsl_enet.c:509:13:ENET_SetMacController	16	static
../drivers/fsl_enet.c:778:13:ENET_SetTxBufferDescriptors	16	static
../drivers/fsl_enet.c:843:13:ENET_SetRxBufferDescriptors	16	static
../drivers/fsl_enet.c:938:17:ENET_RxBufferAllocAll	32	static
../drivers/fsl_enet.c:991:13:ENET_RxBufferFreeAll	32	static
../drivers/fsl_enet.c:1044:20:ENET_ActiveReadRing	8	static
../drivers/fsl_enet.c:1081:13:ENET_ActiveSendRing	8	static
../drivers/fsl_enet.c:1136:6:ENET_SetMII	4	static
../drivers/fsl_enet.c:1192:6:ENET_SetMacAddr	0	static
../drivers/fsl_enet.c:1212:6:ENET_GetMacAddr	8	static
../drivers/fsl_enet.c:1240:6:ENET_SetSMI	8	static
../drivers/fsl_enet.c:1271:6:ENET_StartSMIWrite	0	static
../drivers/fsl_enet.c:1291:6:ENET_StartSMIRead	0	static
../drivers/fsl_enet.c:1310:6:ENET_StartExtC45SMIWriteReg	0	static
../drivers/fsl_enet.c:1349:6:ENET_StartExtC45SMIWriteData	0	static
../drivers/fsl_enet.c:1388:6:ENET_StartExtC45SMIReadData	0	static
../drivers/fsl_enet.c:1402:17:ENET_IncreaseIndex	8	static
../drivers/fsl_enet.c:1415:20:ENET_TxDirtyRingAvailable	0	static
../drivers/fsl_enet.c:1439:6:ENET_GetRxErrBeforeReadFrame	8	static
../drivers/fsl_enet.c:1522:6:ENET_GetStatistics	0	static
../drivers/fsl_enet.c:1556:10:ENET_GetRxFrameSize	24	static
../drivers/fsl_enet.c:1673:10:ENET_ReadFrame	40	static
../drivers/fsl_enet.c:1782:13:ENET_UpdateReadBuffers	16	static
../drivers/fsl_enet.c:1823:10:ENET_SendFrame	48	static
../drivers/fsl_enet.c:2041:10:ENET_SetTxReclaim	16	static
../drivers/fsl_enet.c:2082:6:ENET_ReclaimTxDescriptor	32	static
../drivers/fsl_enet.c:2138:10:ENET_GetRxBuffer	16	static
../drivers/fsl_enet.c:2209:6:ENET_ReleaseRxBuffer	40	static
../drivers/fsl_enet.c:2307:24:ENET_GetRxFrameErr	24	static
../drivers/fsl_enet.c:2373:10:ENET_GetRxFrame	40	static
../drivers/fsl_enet.c:2623:10:ENET_StartTxFrame	48	static
../drivers/fsl_enet.c:2759:10:ENET_SendFrameZeroCopy	48	static
../drivers/fsl_enet.c:2946:6:ENET_AddMulticastGroup	16	static
../drivers/fsl_enet.c:2999:6:ENET_LeaveMulticastGroup	16	static
../drivers/fsl_enet.c:3402:6:ENET_TransmitIRQHandler	24	static
../drivers/fsl_enet.c:3462:6:ENET_ReceiveIRQHandler	24	static
../drivers/fsl_enet.c:3507:6:ENET_ErrorIRQHandler	24	static
../drivers/fsl_enet.c:3604:6:ENET_CommonFrame0IRQHandler	16	static
../drivers/fsl_enet.c:3706:6:ENET_Ptp1588IRQHandler	8	static
../drivers/fsl_enet.c:3735:6:ENET_TxIRQHandler	8	static
../drivers/fsl_enet.c:3747:6:ENET_RxIRQHandler	8	static
../drivers/fsl_enet.c:3758:6:ENET_ErrIRQHandler	8	static
../drivers/fsl_enet.c:3769:6:ENET_Transmit_DriverIRQHandler	8	static
../drivers/fsl_enet.c:3776:6:ENET_Receive_DriverIRQHandler	8	static
../drivers/fsl_enet.c:3783:6:ENET_Error_DriverIRQHandler	8	static
../drivers/fsl_enet.c:3791:6:ENET_DriverIRQHandler	8	static
../drivers/fsl_enet.c:3798:6:ENET_1588_Timer_DriverIRQHandler	8	static
../drivers/fsl_enet.c:3816:6:ENET2_DriverIRQHandler	8	static
../drivers/fsl_enet.c:3823:6:ENET2_1588_Timer_DriverIRQHandler	8	static
