../drivers/fsl_common_arm.h:210:20:_SDK_AtomicLocalClearAndSet4Byte	4	static
../drivers/fsl_clock.h:1212:20:CLOCK_ControlGate	8	static
../drivers/fsl_clock.h:1229:20:CLOCK_EnableClock	8	static
../drivers/fsl_clock.h:1239:20:CLOCK_DisableClock	8	static
../drivers/fsl_common_arm.h:568:24:DisableGlobalIRQ	0	static
../drivers/fsl_common_arm.h:595:20:EnableGlobalIRQ	0	static
../drivers/fsl_dcp.c:100:13:dcp_reverse_and_copy	0	static
../drivers/fsl_dcp.c:109:25:DCP_FindCacheLine	0	static
../drivers/fsl_dcp.c:119:17:dcp_get_channel_status	0	static
../drivers/fsl_dcp.c:160:13:dcp_clear_status	0	static
../drivers/fsl_dcp.c:170:13:dcp_clear_channel_status	0	static
../drivers/fsl_dcp.c:196:17:dcp_aes_set_sram_based_key	4	static
../drivers/fsl_dcp.c:216:17:dcp_schedule_work	40	static
../drivers/fsl_dcp.c:316:10:DCP_AES_SetKey	16	static
../drivers/fsl_dcp.c:379:10:DCP_AES_EncryptEcb	104	static
../drivers/fsl_dcp.c:421:10:DCP_AES_EncryptEcbNonBlocking	16	static
../drivers/fsl_dcp.c:477:10:DCP_AES_DecryptEcb	104	static
../drivers/fsl_dcp.c:519:10:DCP_AES_DecryptEcbNonBlocking	16	static
../drivers/fsl_dcp.c:575:10:DCP_AES_EncryptCbc	112	static
../drivers/fsl_dcp.c:622:10:DCP_AES_EncryptCbcNonBlocking	16	static
../drivers/fsl_dcp.c:686:10:DCP_AES_DecryptCbc	112	static
../drivers/fsl_dcp.c:733:10:DCP_AES_DecryptCbcNonBlocking	16	static
../drivers/fsl_dcp.c:795:6:DCP_GetDefaultConfig	16	static
../drivers/fsl_dcp.c:820:6:DCP_Init	16	static
../drivers/fsl_dcp.c:852:6:DCP_Deinit	8	static
../drivers/fsl_dcp.c:872:10:DCP_WaitForChannelComplete	16	static
../drivers/fsl_dcp.c:898:17:dcp_hash_check_input_alg	0	static
../drivers/fsl_dcp.c:918:17:dcp_hash_check_input_args	16	static
../drivers/fsl_dcp.c:943:17:dcp_hash_check_context	8	static
../drivers/fsl_dcp.c:961:17:dcp_hash_engine_init	0	static
../drivers/fsl_dcp.c:976:17:dcp_hash_update_non_blocking	16	static
../drivers/fsl_dcp.c:1025:17:dcp_hash_update	96	static
../drivers/fsl_dcp.c:1063:17:dcp_hash_process_message_data	32	static
../drivers/fsl_dcp.c:1115:17:dcp_hash_finalize	8	static
../drivers/fsl_dcp.c:1125:13:dcp_hash_save_running_hash	16	static
../drivers/fsl_dcp.c:1158:13:dcp_hash_restore_running_hash	8	static
../drivers/fsl_dcp.c:1201:10:DCP_HASH_Init	16	static
../drivers/fsl_dcp.c:1253:10:DCP_HASH_Update	32	static
../drivers/fsl_dcp.c:1323:10:DCP_HASH_Finish	32	static
../drivers/fsl_dcp.c:1435:10:DCP_HASH	280	static
