D:\MIMXRT1060_APP\MIMXRT1062_APP\MIMXRT1062_GC6153\CMSIS/core_cm7.h:1902:22:__NVIC_EnableIRQ	16	static
../drivers/fsl_common_arm.h:210:20:_SDK_AtomicLocalClearAndSet4Byte	4	static
../drivers/fsl_clock.h:1212:20:CLOCK_ControlGate	8	static
../drivers/fsl_clock.h:1229:20:CLOCK_EnableClock	8	static
../drivers/fsl_clock.h:1239:20:CLOCK_DisableClock	8	static
../drivers/fsl_common_arm.h:488:24:EnableIRQ	8	static
../drivers/fsl_lpi2c.h:543:20:LPI2C_MasterReset	0	static
../drivers/fsl_lpi2c.h:555:20:LPI2C_MasterEnable	0	static
../drivers/fsl_lpi2c.h:577:24:LPI2C_MasterGetStatusFlags	0	static
../drivers/fsl_lpi2c.h:602:20:LPI2C_MasterClearStatusFlags	0	static
../drivers/fsl_lpi2c.h:622:20:LPI2C_MasterEnableInterrupts	0	static
../drivers/fsl_lpi2c.h:637:20:LPI2C_MasterDisableInterrupts	0	static
../drivers/fsl_lpi2c.h:649:24:LPI2C_MasterGetEnabledInterrupts	0	static
../drivers/fsl_lpi2c.h:709:20:LPI2C_MasterSetWatermarks	0	static
../drivers/fsl_lpi2c.h:723:20:LPI2C_MasterGetFifoCounts	0	static
../drivers/fsl_lpi2c.h:1026:20:LPI2C_SlaveReset	0	static
../drivers/fsl_lpi2c.h:1060:24:LPI2C_SlaveGetStatusFlags	0	static
../drivers/fsl_lpi2c.h:1082:20:LPI2C_SlaveClearStatusFlags	0	static
../drivers/fsl_lpi2c.h:1102:20:LPI2C_SlaveEnableInterrupts	0	static
../drivers/fsl_lpi2c.h:1117:20:LPI2C_SlaveDisableInterrupts	0	static
../drivers/fsl_lpi2c.c:123:10:LPI2C_GetInstance	8	static
../drivers/fsl_lpi2c.c:145:17:LPI2C_GetCyclesForWidth	8	static
../drivers/fsl_lpi2c.c:190:10:LPI2C_MasterCheckAndClearError	16	static
../drivers/fsl_lpi2c.c:244:17:LPI2C_MasterWaitForTxReady	16	static
../drivers/fsl_lpi2c.c:292:10:LPI2C_CheckForBusyBus	8	static
../drivers/fsl_lpi2c.c:329:6:LPI2C_MasterGetDefaultConfig	8	static
../drivers/fsl_lpi2c.c:362:6:LPI2C_MasterInit	24	static
../drivers/fsl_lpi2c.c:457:6:LPI2C_MasterDeinit	8	static
../drivers/fsl_lpi2c.c:482:6:LPI2C_MasterConfigureDataMatch	16	static
../drivers/fsl_lpi2c.c:513:6:LPI2C_MasterSetBaudRate	40	static
../drivers/fsl_lpi2c.c:652:10:LPI2C_MasterStart	16	static
../drivers/fsl_lpi2c.c:689:10:LPI2C_MasterStop	16	static
../drivers/fsl_lpi2c.c:750:10:LPI2C_MasterReceive	24	static
../drivers/fsl_lpi2c.c:852:10:LPI2C_MasterSend	16	static
../drivers/fsl_lpi2c.c:891:10:LPI2C_MasterTransferBlocking	40	static
../drivers/fsl_lpi2c.c:1008:6:LPI2C_MasterTransferCreateHandle	24	static
../drivers/fsl_lpi2c.c:1052:17:LPI2C_RunTransferStateMachine	40	static
../drivers/fsl_lpi2c.c:1261:13:LPI2C_InitTransferStateMachine	8	static
../drivers/fsl_lpi2c.c:1334:10:LPI2C_MasterTransferNonBlocking	24	static
../drivers/fsl_lpi2c.c:1396:10:LPI2C_MasterTransferGetCount	32	static
../drivers/fsl_lpi2c.c:1464:6:LPI2C_MasterTransferAbort	16	static
../drivers/fsl_lpi2c.c:1494:6:LPI2C_MasterTransferHandleIRQ	32	static
../drivers/fsl_lpi2c.c:1564:6:LPI2C_SlaveGetDefaultConfig	8	static
../drivers/fsl_lpi2c.c:1600:6:LPI2C_SlaveInit	24	static
../drivers/fsl_lpi2c.c:1656:6:LPI2C_SlaveDeinit	8	static
../drivers/fsl_lpi2c.c:1683:17:LPI2C_SlaveCheckAndClearError	8	static
../drivers/fsl_lpi2c.c:1723:10:LPI2C_SlaveSend	32	static
../drivers/fsl_lpi2c.c:1810:10:LPI2C_SlaveReceive	32	static
../drivers/fsl_lpi2c.c:1904:6:LPI2C_SlaveTransferCreateHandle	24	static
../drivers/fsl_lpi2c.c:1961:10:LPI2C_SlaveTransferNonBlocking	16	static
../drivers/fsl_lpi2c.c:2018:10:LPI2C_SlaveTransferGetCount	8	static
../drivers/fsl_lpi2c.c:2053:6:LPI2C_SlaveTransferAbort	16	static
../drivers/fsl_lpi2c.c:2081:6:LPI2C_SlaveTransferHandleIRQ	16	static
../drivers/fsl_lpi2c.c:2236:13:LPI2C_CommonIRQHandler	16	static
../drivers/fsl_lpi2c.c:2267:6:LPI2C1_DriverIRQHandler	8	static
../drivers/fsl_lpi2c.c:2276:6:LPI2C2_DriverIRQHandler	8	static
../drivers/fsl_lpi2c.c:2285:6:LPI2C3_DriverIRQHandler	8	static
../drivers/fsl_lpi2c.c:2294:6:LPI2C4_DriverIRQHandler	8	static
