D:\MIMXRT1060_APP\MIMXRT1062_APP\MIMXRT1062_GC6153\CMSIS/core_cm7.h:1902:22:__NVIC_EnableIRQ	16	static
D:\MIMXRT1060_APP\MIMXRT1062_APP\MIMXRT1062_GC6153\CMSIS/core_cm7.h:1993:22:__NVIC_ClearPendingIRQ	16	static
../drivers/fsl_common_arm.h:210:20:_SDK_AtomicLocalClearAndSet4Byte	4	static
../drivers/fsl_clock.h:1212:20:CLOCK_ControlGate	8	static
../drivers/fsl_clock.h:1229:20:CLOCK_EnableClock	8	static
../drivers/fsl_common_arm.h:488:24:EnableIRQ	8	static
../drivers/fsl_flexio.h:394:24:FLEXIO_ReadPinInput	0	static
../drivers/fsl_flexio.h:486:20:FLEXIO_EnableShifterStatusInterrupts	0	static
../drivers/fsl_flexio.h:499:20:FLEXIO_DisableShifterStatusInterrupts	0	static
../drivers/fsl_flexio.h:569:24:FLEXIO_GetShifterStatusFlags	0	static
../drivers/fsl_flexio.h:582:20:FLEXIO_ClearShifterStatusFlags	0	static
../drivers/fsl_flexio.h:593:24:FLEXIO_GetShifterErrorFlags	0	static
../drivers/fsl_flexio.h:606:20:FLEXIO_ClearShifterErrorFlags	0	static
../drivers/fsl_flexio.h:617:24:FLEXIO_GetTimerStatusFlags	0	static
../drivers/fsl_flexio.h:630:20:FLEXIO_ClearTimerStatusFlags	0	static
../drivers/fsl_flexio_i2c_master.h:348:20:FLEXIO_I2C_MasterWriteByte	0	static
../drivers/fsl_flexio_i2c_master.h:362:23:FLEXIO_I2C_MasterReadByte	0	static
../drivers/fsl_flexio_i2c_master.c:75:17:FLEXIO_I2C_GetInstance	8	static
../drivers/fsl_flexio_i2c_master.c:80:17:FLEXIO_I2C_MasterTransferInitStateMachine	16	static
../drivers/fsl_flexio_i2c_master.c:151:17:FLEXIO_I2C_MasterTransferRunStateMachine	24	static
../drivers/fsl_flexio_i2c_master.c:445:13:FLEXIO_I2C_MasterTransferComplete	24	static
../drivers/fsl_flexio_i2c_master.c:468:10:FLEXIO_I2C_CheckForBusyBus	16	static
../drivers/fsl_flexio_i2c_master.c:513:10:FLEXIO_I2C_MasterInit	88	static
../drivers/fsl_flexio_i2c_master.c:648:6:FLEXIO_I2C_MasterDeinit	0	static
../drivers/fsl_flexio_i2c_master.c:683:6:FLEXIO_I2C_MasterGetDefaultConfig	8	static
../drivers/fsl_flexio_i2c_master.c:706:10:FLEXIO_I2C_MasterGetStatusFlags	16	static
../drivers/fsl_flexio_i2c_master.c:732:6:FLEXIO_I2C_MasterClearStatusFlags	16	static
../drivers/fsl_flexio_i2c_master.c:758:6:FLEXIO_I2C_MasterEnableInterrupts	16	static
../drivers/fsl_flexio_i2c_master.c:776:6:FLEXIO_I2C_MasterDisableInterrupts	16	static
../drivers/fsl_flexio_i2c_master.c:795:6:FLEXIO_I2C_MasterSetBaudRate	4	static
../drivers/fsl_flexio_i2c_master.c:820:10:FLEXIO_I2C_MasterSetTransferCount	4	static
../drivers/fsl_flexio_i2c_master.c:855:6:FLEXIO_I2C_MasterStart	8	static
../drivers/fsl_flexio_i2c_master.c:869:6:FLEXIO_I2C_MasterRepeatedStart	8	static
../drivers/fsl_flexio_i2c_master.c:880:6:FLEXIO_I2C_MasterStop	8	static
../drivers/fsl_flexio_i2c_master.c:892:6:FLEXIO_I2C_MasterAbortStop	0	static
../drivers/fsl_flexio_i2c_master.c:916:6:FLEXIO_I2C_MasterEnableAck	4	static
../drivers/fsl_flexio_i2c_master.c:945:10:FLEXIO_I2C_MasterWriteBlocking	16	static
../drivers/fsl_flexio_i2c_master.c:996:10:FLEXIO_I2C_MasterReadBlocking	16	static
../drivers/fsl_flexio_i2c_master.c:1038:10:FLEXIO_I2C_MasterTransferBlocking	64	static
../drivers/fsl_flexio_i2c_master.c:1112:10:FLEXIO_I2C_MasterTransferCreateHandle	32	static
../drivers/fsl_flexio_i2c_master.c:1150:10:FLEXIO_I2C_MasterTransferNonBlocking	24	static
../drivers/fsl_flexio_i2c_master.c:1198:6:FLEXIO_I2C_MasterTransferAbort	8	static
../drivers/fsl_flexio_i2c_master.c:1220:10:FLEXIO_I2C_MasterTransferGetCount	0	static
../drivers/fsl_flexio_i2c_master.c:1245:6:FLEXIO_I2C_MasterTransferHandleIRQ	16	static
