F:\Study\Github\MIMXRT1060_GC6153\MIMXRT1062_GC6153\CMSIS/core_cm7.h:1902:22:__NVIC_EnableIRQ	16	static
../drivers/fsl_common_arm.h:210:20:_SDK_AtomicLocalClearAndSet4Byte	4	static
../drivers/fsl_clock.h:1212:20:CLOCK_ControlGate	8	static
../drivers/fsl_clock.h:1229:20:CLOCK_EnableClock	8	static
../drivers/fsl_clock.h:1239:20:CLOCK_DisableClock	8	static
../drivers/fsl_common_arm.h:488:24:EnableIRQ	8	static
../drivers/fsl_csi.h:472:20:CSI_Start	8	static
../drivers/fsl_csi.h:483:20:CSI_Stop	8	static
../drivers/fsl_csi.c:168:17:CSI_GetInstance	8	static
../drivers/fsl_csi.c:187:16:CSI_TransferGetQueueDelta	0	static
../drivers/fsl_csi.c:203:16:CSI_TransferIncreaseQueueIdx	0	static
../drivers/fsl_csi.c:224:17:CSI_TransferGetEmptyBufferCount	0	static
../drivers/fsl_csi.c:229:17:CSI_TransferGetEmptyBuffer	0	static
../drivers/fsl_csi.c:240:13:CSI_TransferPutEmptyBuffer	0	static
../drivers/fsl_csi.c:250:17:CSI_GetRxBufferAddr	0	static
../drivers/fsl_csi.c:279:10:CSI_Init	16	static
../drivers/fsl_csi.c:380:6:CSI_Deinit	8	static
../drivers/fsl_csi.c:397:6:CSI_Reset	8	static
../drivers/fsl_csi.c:454:6:CSI_GetDefaultConfig	8	static
../drivers/fsl_csi.c:478:6:CSI_SetRxBufferAddr	0	static
../drivers/fsl_csi.c:500:6:CSI_ClearFifo	4	static
../drivers/fsl_csi.c:543:6:CSI_ReflashFifoDma	0	static
../drivers/fsl_csi.c:572:6:CSI_EnableFifoDmaRequest	0	static
../drivers/fsl_csi.c:602:6:CSI_EnableInterrupts	0	static
../drivers/fsl_csi.c:615:6:CSI_DisableInterrupts	0	static
../drivers/fsl_csi.c:636:10:CSI_TransferCreateHandle	24	static
../drivers/fsl_csi.c:678:10:CSI_TransferStart	16	static
../drivers/fsl_csi.c:730:10:CSI_TransferStop	24	static
../drivers/fsl_csi.c:773:10:CSI_TransferSubmitEmptyBuffer	16	static
../drivers/fsl_csi.c:805:10:CSI_TransferGetFullBuffer	16	static
../drivers/fsl_csi.c:848:6:CSI_TransferHandleIRQ	24	static
../drivers/fsl_csi.c:1403:6:CSI_DriverIRQHandler	8	static
