F:\Study\Github\MIMXRT1060_GC6153\MIMXRT1062_GC6153\CMSIS/core_cm7.h:1902:22:__NVIC_EnableIRQ	16	static
../drivers/fsl_common_arm.h:210:20:_SDK_AtomicLocalClearAndSet4Byte	4	static
../drivers/fsl_clock.h:1212:20:CLOCK_ControlGate	8	static
../drivers/fsl_clock.h:1229:20:CLOCK_EnableClock	8	static
../drivers/fsl_clock.h:1239:20:CLOCK_DisableClock	8	static
../drivers/fsl_common_arm.h:488:24:EnableIRQ	8	static
../drivers/fsl_kpp.c:41:17:KPP_GetInstance	8	static
../drivers/fsl_kpp.c:58:13:KPP_Mdelay	0	static
../drivers/fsl_kpp.c:74:6:KPP_Init	16	static
../drivers/fsl_kpp.c:113:6:KPP_Deinit	8	static
../drivers/fsl_kpp.c:138:6:KPP_keyPressScanning	56	static
