F:\Study\Github\MIMXRT1060_GC6153\MIMXRT1062_GC6153\CMSIS/core_cm7.h:1902:22:__NVIC_EnableIRQ	16	static
../drivers/fsl_common_arm.h:210:20:_SDK_AtomicLocalClearAndSet4Byte	4	static
../drivers/fsl_clock.h:1212:20:CLOCK_ControlGate	8	static
../drivers/fsl_clock.h:1229:20:CLOCK_EnableClock	8	static
../drivers/fsl_common_arm.h:488:24:EnableIRQ	8	static
../drivers/fsl_common_arm.h:568:24:DisableGlobalIRQ	0	static
../drivers/fsl_common_arm.h:595:20:EnableGlobalIRQ	0	static
../drivers/fsl_wdog.h:161:20:WDOG_Disable	0	static
../drivers/fsl_wdog.c:30:17:WDOG_GetInstance	8	static
../drivers/fsl_wdog.c:68:6:WDOG_GetDefaultConfig	8	static
../drivers/fsl_wdog.c:104:6:WDOG_Init	16	static
../drivers/fsl_wdog.c:140:6:WDOG_Deinit	8	static
../drivers/fsl_wdog.c:162:10:WDOG_GetStatusFlags	0	static
../drivers/fsl_wdog.c:189:6:WDOG_ClearInterruptStatus	0	static
../drivers/fsl_wdog.c:205:6:WDOG_Refresh	8	static
