D:\MIMXRT1060_APP\MIMXRT1062_APP\MIMXRT1062_GC6153\CMSIS/core_cm7.h:1902:22:__NVIC_EnableIRQ	16	static
D:\MIMXRT1060_APP\MIMXRT1062_APP\MIMXRT1062_GC6153\CMSIS/core_cm7.h:1993:22:__NVIC_ClearPendingIRQ	16	static
../drivers/fsl_common_arm.h:210:20:_SDK_AtomicLocalClearAndSet4Byte	4	static
../drivers/fsl_clock.h:1212:20:CLOCK_ControlGate	8	static
../drivers/fsl_clock.h:1229:20:CLOCK_EnableClock	8	static
../drivers/fsl_common_arm.h:488:24:EnableIRQ	8	static
../drivers/fsl_flexio.h:486:20:FLEXIO_EnableShifterStatusInterrupts	0	static
../drivers/fsl_flexio.h:499:20:FLEXIO_DisableShifterStatusInterrupts	0	static
../drivers/fsl_flexio.h:569:24:FLEXIO_GetShifterStatusFlags	0	static
../drivers/fsl_flexio.h:582:20:FLEXIO_ClearShifterStatusFlags	0	static
../drivers/fsl_flexio.h:652:20:FLEXIO_EnableShifterStatusDMA	0	static
../drivers/fsl_flexio_spi.h:482:20:FLEXIO_SPI_WriteData	0	static
../drivers/fsl_flexio_spi.h:504:24:FLEXIO_SPI_ReadData	0	static
../drivers/fsl_flexio_spi.h:667:20:FLEXIO_SPI_SlaveTransferAbort	8	static
../drivers/fsl_flexio_spi.c:63:17:FLEXIO_SPI_GetInstance	8	static
../drivers/fsl_flexio_spi.c:68:13:FLEXIO_SPI_TransferSendTransaction	16	static
../drivers/fsl_flexio_spi.c:110:13:FLEXIO_SPI_TransferReceiveTransaction	8	static
../drivers/fsl_flexio_spi.c:183:6:FLEXIO_SPI_MasterInit	88	static
../drivers/fsl_flexio_spi.c:310:6:FLEXIO_SPI_MasterDeinit	0	static
../drivers/fsl_flexio_spi.c:334:6:FLEXIO_SPI_MasterGetDefaultConfig	8	static
../drivers/fsl_flexio_spi.c:390:6:FLEXIO_SPI_SlaveInit	72	static
../drivers/fsl_flexio_spi.c:497:6:FLEXIO_SPI_SlaveDeinit	8	static
../drivers/fsl_flexio_spi.c:512:6:FLEXIO_SPI_SlaveGetDefaultConfig	8	static
../drivers/fsl_flexio_spi.c:539:6:FLEXIO_SPI_EnableInterrupts	16	static
../drivers/fsl_flexio_spi.c:561:6:FLEXIO_SPI_DisableInterrupts	16	static
../drivers/fsl_flexio_spi.c:581:6:FLEXIO_SPI_EnableDMA	16	static
../drivers/fsl_flexio_spi.c:603:10:FLEXIO_SPI_GetStatusFlags	8	static
../drivers/fsl_flexio_spi.c:624:6:FLEXIO_SPI_ClearStatusFlags	16	static
../drivers/fsl_flexio_spi.c:643:6:FLEXIO_SPI_MasterSetBaudRate	4	static
../drivers/fsl_flexio_spi.c:672:10:FLEXIO_SPI_WriteBlocking	24	static
../drivers/fsl_flexio_spi.c:721:10:FLEXIO_SPI_ReadBlocking	24	static
../drivers/fsl_flexio_spi.c:767:10:FLEXIO_SPI_MasterTransferBlocking	24	static
../drivers/fsl_flexio_spi.c:925:10:FLEXIO_SPI_MasterTransferCreateHandle	32	static
../drivers/fsl_flexio_spi.c:963:10:FLEXIO_SPI_MasterTransferNonBlocking	16	static
../drivers/fsl_flexio_spi.c:1080:10:FLEXIO_SPI_MasterTransferGetCount	8	static
../drivers/fsl_flexio_spi.c:1108:6:FLEXIO_SPI_MasterTransferAbort	16	static
../drivers/fsl_flexio_spi.c:1129:6:FLEXIO_SPI_MasterTransferHandleIRQ	16	static
../drivers/fsl_flexio_spi.c:1178:10:FLEXIO_SPI_SlaveTransferCreateHandle	32	static
../drivers/fsl_flexio_spi.c:1216:10:FLEXIO_SPI_SlaveTransferNonBlocking	16	static
../drivers/fsl_flexio_spi.c:1293:6:FLEXIO_SPI_SlaveTransferHandleIRQ	16	static
