../drivers/fsl_common_arm.h:210:20:_SDK_AtomicLocalClearAndSet4Byte	4	static
../drivers/fsl_clock.h:1212:20:CLOCK_ControlGate	8	static
../drivers/fsl_clock.h:1229:20:CLOCK_EnableClock	8	static
../drivers/fsl_flexio.h:486:20:FLEXIO_EnableShifterStatusInterrupts	0	static
../drivers/fsl_flexio.h:499:20:FLEXIO_DisableShifterStatusInterrupts	0	static
../drivers/fsl_flexio.h:569:24:FLEXIO_GetShifterStatusFlags	0	static
../drivers/fsl_flexio.h:582:20:FLEXIO_ClearShifterStatusFlags	0	static
../drivers/fsl_flexio.h:606:20:FLEXIO_ClearShifterErrorFlags	0	static
../drivers/fsl_flexio.h:630:20:FLEXIO_ClearTimerStatusFlags	0	static
../drivers/fsl_flexio_camera.c:28:17:FLEXIO_CAMERA_GetInstance	8	static
../drivers/fsl_flexio_camera.c:43:6:FLEXIO_CAMERA_GetDefaultConfig	8	static
../drivers/fsl_flexio_camera.c:62:6:FLEXIO_CAMERA_Init	72	static
../drivers/fsl_flexio_camera.c:144:6:FLEXIO_CAMERA_Deinit	0	static
../drivers/fsl_flexio_camera.c:165:10:FLEXIO_CAMERA_GetStatusFlags	8	static
../drivers/fsl_flexio_camera.c:182:6:FLEXIO_CAMERA_ClearStatusFlags	16	static
../drivers/fsl_flexio_camera.c:201:6:FLEXIO_CAMERA_EnableInterrupt	8	static
../drivers/fsl_flexio_camera.c:212:6:FLEXIO_CAMERA_DisableInterrupt	8	static
