../drivers/fsl_common_arm.h:210:20:_SDK_AtomicLocalClearAndSet4Byte	4	static
../drivers/fsl_clock.h:1212:20:CLOCK_ControlGate	8	static
../drivers/fsl_clock.h:1229:20:CLOCK_EnableClock	8	static
../drivers/fsl_clock.h:1239:20:CLOCK_DisableClock	8	static
../drivers/fsl_pxp.h:586:20:PXP_Start	0	static
../drivers/fsl_pxp.h:705:20:PXP_ClearStatusFlags	0	static
../drivers/fsl_pxp.h:756:20:PXP_EnableInterrupts	0	static
../drivers/fsl_pxp.c:149:17:PXP_GetInstance	8	static
../drivers/fsl_pxp.c:208:13:PXP_GetScalerParam	0	static
../drivers/fsl_pxp.c:246:13:PXP_ResetToInit	8	static
../drivers/fsl_pxp.c:280:6:PXP_Init	8	static
../drivers/fsl_pxp.c:297:6:PXP_Deinit	8	static
../drivers/fsl_pxp.c:312:6:PXP_Reset	0	static
../drivers/fsl_pxp.c:324:6:PXP_SetAlphaSurfaceBufferConfig	8	static
../drivers/fsl_pxp.c:340:6:PXP_SetAlphaSurfaceBlendConfig	8	static
../drivers/fsl_pxp.c:368:6:PXP_SetAlphaSurfacePosition	4	static
../drivers/fsl_pxp.c:389:6:PXP_SetAlphaSurfaceOverlayColorKey	0	static
../drivers/fsl_pxp.c:401:6:PXP_SetProcessSurfaceBufferConfig	8	static
../drivers/fsl_pxp.c:425:6:PXP_SetProcessSurfaceScaler	32	static
../drivers/fsl_pxp.c:449:6:PXP_SetProcessSurfacePosition	4	static
../drivers/fsl_pxp.c:466:6:PXP_SetProcessSurfaceColorKey	0	static
../drivers/fsl_pxp.c:478:6:PXP_SetOutputBufferConfig	8	static
../drivers/fsl_pxp.c:521:6:PXP_SetNextCommand	0	static
../drivers/fsl_pxp.c:584:6:PXP_SetCsc1Mode	0	static
../drivers/fsl_pxp.c:791:6:PXP_SetPorterDuffConfig	8	static
../drivers/fsl_pxp.c:814:10:PXP_GetPorterDuffConfig	0	static
../drivers/fsl_pxp.c:907:13:PXP_StartRectCopy	88	static
../drivers/fsl_pxp.c:974:10:PXP_StartPictureCopy	48	static
../drivers/fsl_pxp.c:1014:10:PXP_StartMemCopy	32	static
