D:\MIMXRT1060_APP\MIMXRT1062_APP\MIMXRT1062_GC6153\CMSIS/core_cm7.h:1902:22:__NVIC_EnableIRQ	16	static
../drivers/fsl_common_arm.h:210:20:_SDK_AtomicLocalClearAndSet4Byte	4	static
../drivers/fsl_clock.h:1212:20:CLOCK_ControlGate	8	static
../drivers/fsl_clock.h:1229:20:CLOCK_EnableClock	8	static
../drivers/fsl_common_arm.h:488:24:EnableIRQ	8	static
../drivers/fsl_flexio.h:486:20:FLEXIO_EnableShifterStatusInterrupts	0	static
../drivers/fsl_flexio.h:499:20:FLEXIO_DisableShifterStatusInterrupts	0	static
../drivers/fsl_flexio.h:569:24:FLEXIO_GetShifterStatusFlags	0	static
../drivers/fsl_flexio.h:593:24:FLEXIO_GetShifterErrorFlags	0	static
../drivers/fsl_flexio.h:606:20:FLEXIO_ClearShifterErrorFlags	0	static
../drivers/fsl_flexio_i2s.h:212:20:FLEXIO_I2S_Enable	0	static
../drivers/fsl_flexio_i2s.c:57:17:FLEXIO_I2S_GetInstance	8	static
../drivers/fsl_flexio_i2s.c:62:13:FLEXIO_I2S_WriteNonBlocking	24	static
../drivers/fsl_flexio_i2s.c:83:13:FLEXIO_I2S_ReadNonBlocking	12	static
../drivers/fsl_flexio_i2s.c:115:6:FLEXIO_I2S_Init	72	static
../drivers/fsl_flexio_i2s.c:257:6:FLEXIO_I2S_GetDefaultConfig	8	static
../drivers/fsl_flexio_i2s.c:280:6:FLEXIO_I2S_Deinit	0	static
../drivers/fsl_flexio_i2s.c:302:6:FLEXIO_I2S_EnableInterrupts	16	static
../drivers/fsl_flexio_i2s.c:320:10:FLEXIO_I2S_GetStatusFlags	16	static
../drivers/fsl_flexio_i2s.c:338:6:FLEXIO_I2S_DisableInterrupts	16	static
../drivers/fsl_flexio_i2s.c:360:6:FLEXIO_I2S_MasterSetFormat	4	static
../drivers/fsl_flexio_i2s.c:387:6:FLEXIO_I2S_SlaveSetFormat	4	static
../drivers/fsl_flexio_i2s.c:408:10:FLEXIO_I2S_WriteBlocking	32	static
../drivers/fsl_flexio_i2s.c:470:10:FLEXIO_I2S_ReadBlocking	32	static
../drivers/fsl_flexio_i2s.c:515:6:FLEXIO_I2S_TransferTxCreateHandle	32	static
../drivers/fsl_flexio_i2s.c:553:6:FLEXIO_I2S_TransferRxCreateHandle	32	static
../drivers/fsl_flexio_i2s.c:590:6:FLEXIO_I2S_TransferSetFormat	8	static
../drivers/fsl_flexio_i2s.c:626:10:FLEXIO_I2S_TransferSendNonBlocking	16	static
../drivers/fsl_flexio_i2s.c:673:10:FLEXIO_I2S_TransferReceiveNonBlocking	16	static
../drivers/fsl_flexio_i2s.c:717:6:FLEXIO_I2S_TransferAbortSend	8	static
../drivers/fsl_flexio_i2s.c:740:6:FLEXIO_I2S_TransferAbortReceive	8	static
../drivers/fsl_flexio_i2s.c:763:10:FLEXIO_I2S_TransferGetSendCount	8	static
../drivers/fsl_flexio_i2s.c:791:10:FLEXIO_I2S_TransferGetReceiveCount	8	static
../drivers/fsl_flexio_i2s.c:816:6:FLEXIO_I2S_TransferTxHandleIRQ	24	static
../drivers/fsl_flexio_i2s.c:866:6:FLEXIO_I2S_TransferRxHandleIRQ	24	static
