D:\MIMXRT1060_APP\MIMXRT1062_APP\MIMXRT1062_GC6153\CMSIS/core_cm7.h:1902:22:__NVIC_EnableIRQ	16	static
../drivers/fsl_common_arm.h:210:20:_SDK_AtomicLocalClearAndSet4Byte	4	static
../drivers/fsl_clock.h:1212:20:CLOCK_ControlGate	8	static
../drivers/fsl_clock.h:1229:20:CLOCK_EnableClock	8	static
../drivers/fsl_clock.h:1239:20:CLOCK_DisableClock	8	static
../drivers/fsl_common_arm.h:488:24:EnableIRQ	8	static
../drivers/fsl_flexcan.h:1403:24:FLEXCAN_GetStatusFlags	0	static
../drivers/fsl_flexcan.h:1437:20:FLEXCAN_ClearStatusFlags	0	static
../drivers/fsl_flexcan.h:1476:24:FLEXCAN_GetMbStatusFlags	4	static
../drivers/fsl_flexcan.h:1498:20:FLEXCAN_ClearMbStatusFlags	0	static
../drivers/fsl_flexcan.h:1574:20:FLEXCAN_EnableInterrupts	0	static
../drivers/fsl_flexcan.h:1623:20:FLEXCAN_DisableInterrupts	0	static
../drivers/fsl_flexcan.h:1668:20:FLEXCAN_EnableMbInterrupts	0	static
../drivers/fsl_flexcan.h:1690:20:FLEXCAN_DisableMbInterrupts	0	static
../drivers/fsl_flexcan.h:1750:20:FLEXCAN_Enable	0	static
../drivers/fsl_flexcan.c:377:10:FLEXCAN_GetInstance	8	static
../drivers/fsl_flexcan.c:403:6:FLEXCAN_EnterFreezeMode	8	static
../drivers/fsl_flexcan.c:551:6:FLEXCAN_ExitFreezeMode	0	static
../drivers/fsl_flexcan.c:579:13:FLEXCAN_IsMbOccupied	0	static
../drivers/fsl_flexcan.c:628:16:FLEXCAN_GetFirstValidMb	0	static
../drivers/fsl_flexcan.c:656:13:FLEXCAN_IsMbIntEnabled	8	static
../drivers/fsl_flexcan.c:687:13:FLEXCAN_Reset	8	static
../drivers/fsl_flexcan.c:794:13:FLEXCAN_SetBitRate	16	static
../drivers/fsl_flexcan.c:856:13:FLEXCAN_SetFDBitRate	8	static
../drivers/fsl_flexcan.c:918:6:FLEXCAN_Init	32	static
../drivers/fsl_flexcan.c:1069:6:FLEXCAN_FDInit	40	static
../drivers/fsl_flexcan.c:1171:6:FLEXCAN_Deinit	8	static
../drivers/fsl_flexcan.c:1216:6:FLEXCAN_GetDefaultConfig	8	static
../drivers/fsl_flexcan.c:1386:6:FLEXCAN_SetTimingConfig	16	static
../drivers/fsl_flexcan.c:1454:6:FLEXCAN_SetFDTimingConfig	16	static
../drivers/fsl_flexcan.c:1495:6:FLEXCAN_SetRxMbGlobalMask	16	static
../drivers/fsl_flexcan.c:1517:6:FLEXCAN_SetRxFifoGlobalMask	16	static
../drivers/fsl_flexcan.c:1543:6:FLEXCAN_SetRxIndividualMask	16	static
../drivers/fsl_flexcan.c:1569:6:FLEXCAN_SetTxMbConfig	16	static
../drivers/fsl_flexcan.c:1603:13:FLEXCAN_GetSegments	12	static
../drivers/fsl_flexcan.c:1736:6:FLEXCAN_CalculateImprovedTimingValues	48	static
../drivers/fsl_flexcan.c:1826:17:FLEXCAN_GetFDMailboxOffset	8	static
../drivers/fsl_flexcan.c:1864:13:FLEXCAN_FDGetSegments	4	static
../drivers/fsl_flexcan.c:1980:13:FLEXCAN_CalculateImprovedNominalTimingValues	40	static
../drivers/fsl_flexcan.c:2122:6:FLEXCAN_FDCalculateImprovedTimingValues	32	static
../drivers/fsl_flexcan.c:2235:6:FLEXCAN_SetFDTxMbConfig	24	static
../drivers/fsl_flexcan.c:2300:6:FLEXCAN_SetRxMbConfig	24	static
../drivers/fsl_flexcan.c:2356:6:FLEXCAN_SetFDRxMbConfig	24	static
../drivers/fsl_flexcan.c:2422:6:FLEXCAN_SetRxFifoConfig	16	static
../drivers/fsl_flexcan.c:2614:6:FLEXCAN_EnableRxFifoDMA	8	static
../drivers/fsl_flexcan.c:2722:13:FLEXCAN_ERRATA_6032	8	static
../drivers/fsl_flexcan.c:2795:10:FLEXCAN_WriteTxMb	24	static
../drivers/fsl_flexcan.c:2872:10:FLEXCAN_WriteFDTxMb	32	static
../drivers/fsl_flexcan.c:2968:10:FLEXCAN_ReadRxMb	16	static
../drivers/fsl_flexcan.c:3049:10:FLEXCAN_ReadFDRxMb	24	static
../drivers/fsl_flexcan.c:3143:10:FLEXCAN_ReadRxFifo	8	static
../drivers/fsl_flexcan.c:3253:10:FLEXCAN_TransferSendBlocking	32	static
../drivers/fsl_flexcan.c:3302:10:FLEXCAN_TransferReceiveBlocking	24	static
../drivers/fsl_flexcan.c:3338:10:FLEXCAN_TransferFDSendBlocking	32	static
../drivers/fsl_flexcan.c:3389:10:FLEXCAN_TransferFDReceiveBlocking	24	static
../drivers/fsl_flexcan.c:3424:10:FLEXCAN_TransferReceiveFifoBlocking	16	static
../drivers/fsl_flexcan.c:3484:6:FLEXCAN_TransferCreateHandle	24	static
../drivers/fsl_flexcan.c:3569:10:FLEXCAN_TransferSendNonBlocking	24	static
../drivers/fsl_flexcan.c:3633:10:FLEXCAN_TransferReceiveNonBlocking	16	static
../drivers/fsl_flexcan.c:3686:10:FLEXCAN_TransferFDSendNonBlocking	24	static
../drivers/fsl_flexcan.c:3751:10:FLEXCAN_TransferFDReceiveNonBlocking	16	static
../drivers/fsl_flexcan.c:3803:10:FLEXCAN_TransferReceiveFifoNonBlocking	8	static
../drivers/fsl_flexcan.c:3931:6:FLEXCAN_TransferAbortSend	24	static
../drivers/fsl_flexcan.c:3971:6:FLEXCAN_TransferFDAbortSend	24	static
../drivers/fsl_flexcan.c:4014:6:FLEXCAN_TransferFDAbortReceive	24	static
../drivers/fsl_flexcan.c:4047:6:FLEXCAN_TransferAbortReceive	24	static
../drivers/fsl_flexcan.c:4078:6:FLEXCAN_TransferAbortReceiveFifo	8	static
../drivers/fsl_flexcan.c:4149:10:FLEXCAN_GetTimeStamp	8	static
../drivers/fsl_flexcan.c:4163:13:FLEXCAN_CheckUnhandleInterruptEvents	8	static
../drivers/fsl_flexcan.c:4208:17:FLEXCAN_SubHandlerForDataTransfered	24	static
../drivers/fsl_flexcan.c:4478:6:FLEXCAN_TransferHandleIRQ	40	static
../drivers/fsl_flexcan.c:4544:6:CAN1_DriverIRQHandler	8	static
../drivers/fsl_flexcan.c:4555:6:CAN2_DriverIRQHandler	8	static
../drivers/fsl_flexcan.c:4566:6:CAN3_DriverIRQHandler	8	static
