F:\Study\Github\MIMXRT1060_GC6153\MIMXRT1062_GC6153\CMSIS/core_cm7.h:1902:22:__NVIC_EnableIRQ	16	static
../drivers/fsl_common_arm.h:210:20:_SDK_AtomicLocalClearAndSet4Byte	4	static
../drivers/fsl_clock.h:1212:20:CLOCK_ControlGate	8	static
../drivers/fsl_clock.h:1229:20:CLOCK_EnableClock	8	static
../drivers/fsl_clock.h:1239:20:CLOCK_DisableClock	8	static
../drivers/fsl_common_arm.h:488:24:EnableIRQ	8	static
../drivers/fsl_sai.h:904:20:SAI_TxClearStatusFlags	0	static
../drivers/fsl_sai.h:929:20:SAI_RxClearStatusFlags	0	static
../drivers/fsl_sai.h:1054:20:SAI_TxSetFIFOErrorContinue	0	static
../drivers/fsl_sai.h:1075:20:SAI_RxSetFIFOErrorContinue	0	static
../drivers/fsl_sai.h:1107:20:SAI_TxEnableInterrupts	0	static
../drivers/fsl_sai.h:1124:20:SAI_RxEnableInterrupts	0	static
../drivers/fsl_sai.h:1141:20:SAI_TxDisableInterrupts	0	static
../drivers/fsl_sai.h:1158:20:SAI_RxDisableInterrupts	0	static
../drivers/fsl_sai.c:165:13:SAI_RxGetEnabledInterruptStatus	0	static
../drivers/fsl_sai.c:172:13:SAI_TxGetEnabledInterruptStatus	0	static
../drivers/fsl_sai.c:259:17:SAI_GetInstance	8	static
../drivers/fsl_sai.c:277:13:SAI_WriteNonBlocking	32	static
../drivers/fsl_sai.c:310:13:SAI_ReadNonBlocking	28	static
../drivers/fsl_sai.c:340:13:SAI_GetCommonConfig	24	static
../drivers/fsl_sai.c:409:6:SAI_TxInit	16	static
../drivers/fsl_sai.c:533:6:SAI_RxInit	16	static
../drivers/fsl_sai.c:648:6:SAI_Init	8	static
../drivers/fsl_sai.c:676:6:SAI_Deinit	8	static
../drivers/fsl_sai.c:702:6:SAI_TxGetDefaultConfig	8	static
../drivers/fsl_sai.c:736:6:SAI_RxGetDefaultConfig	8	static
../drivers/fsl_sai.c:760:6:SAI_TxReset	0	static
../drivers/fsl_sai.c:783:6:SAI_RxReset	0	static
../drivers/fsl_sai.c:805:6:SAI_TxEnable	8	static
../drivers/fsl_sai.c:835:6:SAI_RxEnable	8	static
../drivers/fsl_sai.c:870:6:SAI_TxSoftwareReset	0	static
../drivers/fsl_sai.c:889:6:SAI_RxSoftwareReset	0	static
../drivers/fsl_sai.c:904:6:SAI_TxSetChannelFIFOMask	0	static
../drivers/fsl_sai.c:917:6:SAI_RxSetChannelFIFOMask	0	static
../drivers/fsl_sai.c:929:6:SAI_TxSetDataOrder	0	static
../drivers/fsl_sai.c:943:6:SAI_RxSetDataOrder	0	static
../drivers/fsl_sai.c:957:6:SAI_TxSetBitClockPolarity	0	static
../drivers/fsl_sai.c:971:6:SAI_RxSetBitClockPolarity	0	static
../drivers/fsl_sai.c:985:6:SAI_TxSetFrameSyncPolarity	0	static
../drivers/fsl_sai.c:999:6:SAI_RxSetFrameSyncPolarity	0	static
../drivers/fsl_sai.c:1014:6:SAI_TxSetFIFOPacking	0	static
../drivers/fsl_sai.c:1029:6:SAI_RxSetFIFOPacking	0	static
../drivers/fsl_sai.c:1048:6:SAI_TxSetBitClockRate	8	static
../drivers/fsl_sai.c:1095:6:SAI_RxSetBitClockRate	8	static
../drivers/fsl_sai.c:1140:6:SAI_TxSetBitclockConfig	8	static
../drivers/fsl_sai.c:1168:6:SAI_RxSetBitclockConfig	8	static
../drivers/fsl_sai.c:1232:6:SAI_TxSetFifoConfig	8	static
../drivers/fsl_sai.c:1274:6:SAI_RxSetFifoConfig	8	static
../drivers/fsl_sai.c:1312:6:SAI_TxSetFrameSyncConfig	8	static
../drivers/fsl_sai.c:1341:6:SAI_RxSetFrameSyncConfig	8	static
../drivers/fsl_sai.c:1369:6:SAI_TxSetSerialDataConfig	16	static
../drivers/fsl_sai.c:1403:6:SAI_RxSetSerialDataConfig	8	static
../drivers/fsl_sai.c:1425:6:SAI_TxSetConfig	16	static
../drivers/fsl_sai.c:1527:6:SAI_TransferTxSetConfig	16	static
../drivers/fsl_sai.c:1554:6:SAI_RxSetConfig	16	static
../drivers/fsl_sai.c:1657:6:SAI_TransferRxSetConfig	16	static
../drivers/fsl_sai.c:1685:6:SAI_GetClassicI2SConfig	8	static
../drivers/fsl_sai.c:1701:6:SAI_GetLeftJustifiedConfig	8	static
../drivers/fsl_sai.c:1723:6:SAI_GetRightJustifiedConfig	8	static
../drivers/fsl_sai.c:1760:6:SAI_GetDSPConfig	16	static
../drivers/fsl_sai.c:1793:6:SAI_GetTDMConfig	16	static
../drivers/fsl_sai.c:1836:6:SAI_TxSetFormat	16	static
../drivers/fsl_sai.c:1979:6:SAI_RxSetFormat	16	static
../drivers/fsl_sai.c:2120:6:SAI_WriteBlocking	48	static
../drivers/fsl_sai.c:2158:6:SAI_WriteMultiChannelBlocking	64	static
../drivers/fsl_sai.c:2213:6:SAI_ReadMultiChannelBlocking	64	static
../drivers/fsl_sai.c:2260:6:SAI_ReadBlocking	48	static
../drivers/fsl_sai.c:2292:6:SAI_TransferTxCreateHandle	24	static
../drivers/fsl_sai.c:2323:6:SAI_TransferRxCreateHandle	24	static
../drivers/fsl_sai.c:2359:10:SAI_TransferTxSetFormat	16	static
../drivers/fsl_sai.c:2409:10:SAI_TransferRxSetFormat	16	static
../drivers/fsl_sai.c:2458:10:SAI_TransferSendNonBlocking	16	static
../drivers/fsl_sai.c:2507:10:SAI_TransferReceiveNonBlocking	16	static
../drivers/fsl_sai.c:2550:10:SAI_TransferGetSendCount	8	static
../drivers/fsl_sai.c:2578:10:SAI_TransferGetReceiveCount	8	static
../drivers/fsl_sai.c:2606:6:SAI_TransferAbortSend	16	static
../drivers/fsl_sai.c:2636:6:SAI_TransferAbortReceive	16	static
../drivers/fsl_sai.c:2666:6:SAI_TransferTerminateSend	8	static
../drivers/fsl_sai.c:2690:6:SAI_TransferTerminateReceive	8	static
../drivers/fsl_sai.c:2711:6:SAI_TransferTxHandleIRQ	40	static
../drivers/fsl_sai.c:2788:6:SAI_TransferRxHandleIRQ	40	static
../drivers/fsl_sai.c:3638:6:SAI1_DriverIRQHandler	8	static
../drivers/fsl_sai.c:3666:6:SAI2_DriverIRQHandler	8	static
../drivers/fsl_sai.c:3694:6:SAI3_DriverIRQHandler	8	static
../drivers/fsl_sai.c:3720:6:SAI3_TX_DriverIRQHandler	8	static
../drivers/fsl_sai.c:3728:6:SAI3_RX_DriverIRQHandler	8	static
