D:\MIMXRT1060_APP\MIMXRT1062_APP\MIMXRT1062_GC6153\CMSIS/core_cm7.h:1902:22:__NVIC_EnableIRQ	16	static
D:\MIMXRT1060_APP\MIMXRT1062_APP\MIMXRT1062_GC6153\CMSIS/core_cm7.h:1993:22:__NVIC_ClearPendingIRQ	16	static
../drivers/fsl_common_arm.h:210:20:_SDK_AtomicLocalClearAndSet4Byte	4	static
../drivers/fsl_clock.h:1212:20:CLOCK_ControlGate	8	static
../drivers/fsl_clock.h:1229:20:CLOCK_EnableClock	8	static
../drivers/fsl_common_arm.h:488:24:EnableIRQ	8	static
../drivers/fsl_flexio.h:486:20:FLEXIO_EnableShifterStatusInterrupts	0	static
../drivers/fsl_flexio.h:499:20:FLEXIO_DisableShifterStatusInterrupts	0	static
../drivers/fsl_flexio.h:569:24:FLEXIO_GetShifterStatusFlags	0	static
../drivers/fsl_flexio.h:582:20:FLEXIO_ClearShifterStatusFlags	0	static
../drivers/fsl_flexio.h:593:24:FLEXIO_GetShifterErrorFlags	0	static
../drivers/fsl_flexio.h:606:20:FLEXIO_ClearShifterErrorFlags	0	static
../drivers/fsl_flexio_uart.h:357:20:FLEXIO_UART_WriteByte	0	static
../drivers/fsl_flexio_uart.h:371:20:FLEXIO_UART_ReadByte	0	static
../drivers/fsl_flexio_uart.c:54:17:FLEXIO_UART_GetInstance	8	static
../drivers/fsl_flexio_uart.c:59:15:FLEXIO_UART_TransferGetRxRingBufferLength	0	static
../drivers/fsl_flexio_uart.c:77:13:FLEXIO_UART_TransferIsRxRingBufferFull	8	static
../drivers/fsl_flexio_uart.c:124:10:FLEXIO_UART_Init	80	static
../drivers/fsl_flexio_uart.c:260:6:FLEXIO_UART_Deinit	0	static
../drivers/fsl_flexio_uart.c:290:6:FLEXIO_UART_GetDefaultConfig	8	static
../drivers/fsl_flexio_uart.c:315:6:FLEXIO_UART_EnableInterrupts	16	static
../drivers/fsl_flexio_uart.c:335:6:FLEXIO_UART_DisableInterrupts	16	static
../drivers/fsl_flexio_uart.c:354:10:FLEXIO_UART_GetStatusFlags	16	static
../drivers/fsl_flexio_uart.c:379:6:FLEXIO_UART_ClearStatusFlags	16	static
../drivers/fsl_flexio_uart.c:406:10:FLEXIO_UART_WriteBlocking	16	static
../drivers/fsl_flexio_uart.c:449:10:FLEXIO_UART_ReadBlocking	16	static
../drivers/fsl_flexio_uart.c:501:10:FLEXIO_UART_TransferCreateHandle	32	static
../drivers/fsl_flexio_uart.c:547:6:FLEXIO_UART_TransferStartRingBuffer	8	static
../drivers/fsl_flexio_uart.c:575:6:FLEXIO_UART_TransferStopRingBuffer	8	static
../drivers/fsl_flexio_uart.c:607:10:FLEXIO_UART_TransferSendNonBlocking	8	static
../drivers/fsl_flexio_uart.c:649:6:FLEXIO_UART_TransferAbortSend	8	static
../drivers/fsl_flexio_uart.c:669:10:FLEXIO_UART_TransferGetSendCount	8	static
../drivers/fsl_flexio_uart.c:709:10:FLEXIO_UART_TransferReceiveNonBlocking	32	static
../drivers/fsl_flexio_uart.c:834:6:FLEXIO_UART_TransferAbortReceive	8	static
../drivers/fsl_flexio_uart.c:858:10:FLEXIO_UART_TransferGetReceiveCount	8	static
../drivers/fsl_flexio_uart.c:881:6:FLEXIO_UART_TransferHandleIRQ	24	static
