../drivers/fsl_common_arm.h:210:20:_SDK_AtomicLocalClearAndSet4Byte	4	static
../drivers/fsl_clock.h:1212:20:CLOCK_ControlGate	8	static
../drivers/fsl_clock.h:1229:20:CLOCK_EnableClock	8	static
../drivers/fsl_clock.h:1239:20:CLOCK_DisableClock	8	static
../drivers/fsl_adc.h:275:24:ADC_GetChannelConversionValue	8	static
../drivers/fsl_adc.h:299:24:ADC_GetChannelStatusFlags	8	static
../drivers/fsl_adc.h:355:20:ADC_EnableHardwareTrigger	0	static
../drivers/fsl_adc.h:402:24:ADC_GetStatusFlags	0	static
../drivers/fsl_adc.c:40:17:ADC_GetInstance	8	static
../drivers/fsl_adc.c:64:6:ADC_Init	16	static
../drivers/fsl_adc.c:114:6:ADC_Deinit	8	static
../drivers/fsl_adc.c:142:6:ADC_GetDefaultConfig	8	static
../drivers/fsl_adc.c:189:6:ADC_SetChannelConfig	8	static
../drivers/fsl_adc.c:224:10:ADC_DoAutoCalibration	16	static
../drivers/fsl_adc.c:284:6:ADC_SetOffsetConfig	8	static
../drivers/fsl_adc.c:311:6:ADC_SetHardwareCompareConfig	8	static
../drivers/fsl_adc.c:359:6:ADC_SetHardwareAverageConfig	0	static
../drivers/fsl_adc.c:382:6:ADC_ClearStatusFlags	0	static
