../drivers/fsl_common_arm.h:210:20:_SDK_AtomicLocalClearAndSet4Byte	4	static
../drivers/fsl_clock.h:1212:20:CLOCK_ControlGate	8	static
../drivers/fsl_clock.h:1229:20:CLOCK_EnableClock	8	static
../drivers/fsl_clock.h:1239:20:CLOCK_DisableClock	8	static
../drivers/fsl_pwm.c:51:24:PWM_GetComplementU16	0	static
../drivers/fsl_pwm.c:56:24:dutyCycleToReloadValue	0	static
../drivers/fsl_pwm.c:62:17:PWM_GetInstance	8	static
../drivers/fsl_pwm.c:91:10:PWM_Init	16	static
../drivers/fsl_pwm.c:191:6:PWM_Deinit	8	static
../drivers/fsl_pwm.c:220:6:PWM_GetDefaultConfig	8	static
../drivers/fsl_pwm.c:270:10:PWM_SetupPwm	48	static
../drivers/fsl_pwm.c:486:6:PWM_UpdatePwmDutycycle	32	static
../drivers/fsl_pwm.c:514:6:PWM_UpdatePwmDutycycleHighAccuracy	16	static
../drivers/fsl_pwm.c:610:6:PWM_SetupInputCapture	16	static
../drivers/fsl_pwm.c:692:6:PWM_SetupFaultInputFilter	8	static
../drivers/fsl_pwm.c:716:6:PWM_SetupFaults	8	static
../drivers/fsl_pwm.c:804:6:PWM_FaultDefaultConfig	8	static
../drivers/fsl_pwm.c:832:6:PWM_SetupForceSignal	0	static
../drivers/fsl_pwm.c:856:6:PWM_EnableInterrupts	0	static
../drivers/fsl_pwm.c:872:6:PWM_DisableInterrupts	0	static
../drivers/fsl_pwm.c:887:10:PWM_GetEnabledInterrupts	0	static
../drivers/fsl_pwm.c:905:10:PWM_GetStatusFlags	0	static
../drivers/fsl_pwm.c:923:6:PWM_ClearStatusFlags	0	static
