F:\Study\Github\MIMXRT1060_GC6153\MIMXRT1062_GC6153\CMSIS/core_cm7.h:1902:22:__NVIC_EnableIRQ	16	static
../drivers/fsl_common_arm.h:210:20:_SDK_AtomicLocalClearAndSet4Byte	4	static
../drivers/fsl_clock.h:1212:20:CLOCK_ControlGate	8	static
../drivers/fsl_clock.h:1229:20:CLOCK_EnableClock	8	static
../drivers/fsl_clock.h:1239:20:CLOCK_DisableClock	8	static
../drivers/fsl_common_arm.h:488:24:EnableIRQ	8	static
../drivers/fsl_lpspi.h:505:20:LPSPI_Enable	0	static
../drivers/fsl_lpspi.h:531:24:LPSPI_GetStatusFlags	0	static
../drivers/fsl_lpspi.h:551:23:LPSPI_GetRxFifoSize	0	static
../drivers/fsl_lpspi.h:561:24:LPSPI_GetTxFifoCount	0	static
../drivers/fsl_lpspi.h:571:24:LPSPI_GetRxFifoCount	0	static
../drivers/fsl_lpspi.h:589:20:LPSPI_ClearStatusFlags	0	static
../drivers/fsl_lpspi.h:616:20:LPSPI_EnableInterrupts	0	static
../drivers/fsl_lpspi.h:631:20:LPSPI_DisableInterrupts	0	static
../drivers/fsl_lpspi.h:734:20:LPSPI_SetMasterSlaveMode	0	static
../drivers/fsl_lpspi.h:779:20:LPSPI_IsMaster	0	static
../drivers/fsl_lpspi.h:791:20:LPSPI_FlushFifo	0	static
../drivers/fsl_lpspi.h:807:20:LPSPI_SetFifoWatermarks	0	static
../drivers/fsl_lpspi.h:952:20:LPSPI_WriteData	0	static
../drivers/fsl_lpspi.h:966:24:LPSPI_ReadData	0	static
../drivers/fsl_lpspi.c:153:10:LPSPI_GetInstance	8	static
../drivers/fsl_lpspi.c:181:6:LPSPI_SetDummyData	8	static
../drivers/fsl_lpspi.c:194:6:LPSPI_MasterInit	32	static
../drivers/fsl_lpspi.c:257:6:LPSPI_MasterGetDefaultConfig	8	static
../drivers/fsl_lpspi.c:287:6:LPSPI_SlaveInit	16	static
../drivers/fsl_lpspi.c:334:6:LPSPI_SlaveGetDefaultConfig	8	static
../drivers/fsl_lpspi.c:359:6:LPSPI_Reset	0	static
../drivers/fsl_lpspi.c:375:6:LPSPI_Deinit	8	static
../drivers/fsl_lpspi.c:393:13:LPSPI_SetOnePcsPolarity	0	static
../drivers/fsl_lpspi.c:428:10:LPSPI_MasterSetBaudRate	32	static
../drivers/fsl_lpspi.c:532:6:LPSPI_MasterSetDelayScaler	8	static
../drivers/fsl_lpspi.c:583:10:LPSPI_MasterSetDelayTimes	48	static
../drivers/fsl_lpspi.c:706:6:LPSPI_MasterTransferCreateHandle	24	static
../drivers/fsl_lpspi.c:733:6:LPSPI_CheckTransferArgument	16	static
../drivers/fsl_lpspi.c:819:10:LPSPI_MasterTransferBlocking	64	static
../drivers/fsl_lpspi.c:1089:10:LPSPI_MasterTransferNonBlocking	32	static
../drivers/fsl_lpspi.c:1266:13:LPSPI_MasterTransferFillUpTxFifo	40	static
../drivers/fsl_lpspi.c:1334:13:LPSPI_MasterTransferComplete	16	static
../drivers/fsl_lpspi.c:1359:10:LPSPI_MasterTransferGetCount	8	static
../drivers/fsl_lpspi.c:1399:6:LPSPI_MasterTransferAbort	16	static
../drivers/fsl_lpspi.c:1421:6:LPSPI_MasterTransferHandleIRQ	24	static
../drivers/fsl_lpspi.c:1553:6:LPSPI_SlaveTransferCreateHandle	24	static
../drivers/fsl_lpspi.c:1589:10:LPSPI_SlaveTransferNonBlocking	32	static
../drivers/fsl_lpspi.c:1724:13:LPSPI_SlaveTransferFillUpTxFifo	24	static
../drivers/fsl_lpspi.c:1756:13:LPSPI_SlaveTransferComplete	16	static
../drivers/fsl_lpspi.c:1792:10:LPSPI_SlaveTransferGetCount	8	static
../drivers/fsl_lpspi.c:1832:6:LPSPI_SlaveTransferAbort	16	static
../drivers/fsl_lpspi.c:1854:6:LPSPI_SlaveTransferHandleIRQ	24	static
../drivers/fsl_lpspi.c:1966:17:LPSPI_CombineWriteData	8	static
../drivers/fsl_lpspi.c:2050:13:LPSPI_SeparateReadData	8	static
../drivers/fsl_lpspi.c:2130:13:LPSPI_TxFifoReady	8	static
../drivers/fsl_lpspi.c:2149:13:LPSPI_CommonIRQHandler	16	static
../drivers/fsl_lpspi.c:2173:6:LPSPI1_DriverIRQHandler	8	static
../drivers/fsl_lpspi.c:2182:6:LPSPI2_DriverIRQHandler	8	static
../drivers/fsl_lpspi.c:2191:6:LPSPI3_DriverIRQHandler	8	static
../drivers/fsl_lpspi.c:2200:6:LPSPI4_DriverIRQHandler	8	static
