F:\Study\Github\MIMXRT1060_GC6153\MIMXRT1062_GC6153\CMSIS/core_cm7.h:1902:22:__NVIC_EnableIRQ	16	static
../drivers/fsl_common_arm.h:210:20:_SDK_AtomicLocalClearAndSet4Byte	4	static
../drivers/fsl_clock.h:1212:20:CLOCK_ControlGate	8	static
../drivers/fsl_clock.h:1229:20:CLOCK_EnableClock	8	static
../drivers/fsl_clock.h:1239:20:CLOCK_DisableClock	8	static
../drivers/fsl_common_arm.h:488:24:EnableIRQ	8	static
../drivers/fsl_spdif.h:284:20:SPDIF_RxEnable	0	static
../drivers/fsl_spdif.h:310:24:SPDIF_GetStatusFlag	0	static
../drivers/fsl_spdif.h:326:20:SPDIF_ClearStatusFlags	0	static
../drivers/fsl_spdif.h:350:20:SPDIF_EnableInterrupts	0	static
../drivers/fsl_spdif.h:367:20:SPDIF_DisableInterrupts	0	static
../drivers/fsl_spdif.h:497:20:SPDIF_WriteLeftData	0	static
../drivers/fsl_spdif.h:508:20:SPDIF_WriteRightData	0	static
../drivers/fsl_spdif.h:552:24:SPDIF_ReadLeftData	0	static
../drivers/fsl_spdif.h:563:24:SPDIF_ReadRightData	0	static
../drivers/fsl_spdif.h:596:24:SPDIF_ReadQChannel	0	static
../drivers/fsl_spdif.h:607:24:SPDIF_ReadUChannel	0	static
../drivers/fsl_spdif.c:58:10:SPDIF_GetInstance	8	static
../drivers/fsl_spdif.c:90:6:SPDIF_Init	16	static
../drivers/fsl_spdif.c:133:6:SPDIF_Deinit	8	static
../drivers/fsl_spdif.c:156:6:SPDIF_GetDefaultConfig	8	static
../drivers/fsl_spdif.c:179:6:SPDIF_TxEnable	0	static
../drivers/fsl_spdif.c:209:6:SPDIF_TxSetSampleRate	4	static
../drivers/fsl_spdif.c:256:10:SPDIF_GetRxSampleRate	8	static
../drivers/fsl_spdif.c:286:6:SPDIF_WriteBlocking	32	static
../drivers/fsl_spdif.c:330:6:SPDIF_ReadBlocking	24	static
../drivers/fsl_spdif.c:375:6:SPDIF_TransferTxCreateHandle	24	static
../drivers/fsl_spdif.c:410:6:SPDIF_TransferRxCreateHandle	24	static
../drivers/fsl_spdif.c:449:10:SPDIF_TransferSendNonBlocking	16	static
../drivers/fsl_spdif.c:492:10:SPDIF_TransferReceiveNonBlocking	8	static
../drivers/fsl_spdif.c:543:10:SPDIF_TransferGetSendCount	8	static
../drivers/fsl_spdif.c:571:10:SPDIF_TransferGetReceiveCount	8	static
../drivers/fsl_spdif.c:599:6:SPDIF_TransferAbortSend	8	static
../drivers/fsl_spdif.c:623:6:SPDIF_TransferAbortReceive	8	static
../drivers/fsl_spdif.c:646:6:SPDIF_TransferTxHandleIRQ	24	static
../drivers/fsl_spdif.c:709:6:SPDIF_TransferRxHandleIRQ	24	static
../drivers/fsl_spdif.c:836:6:SPDIF_DriverIRQHandler	8	static
