D:\MIMXRT1060_APP\MIMXRT1062_APP\MIMXRT1062_GC6153\CMSIS/core_cm7.h:1902:22:__NVIC_EnableIRQ	16	static
../drivers/fsl_common_arm.h:210:20:_SDK_AtomicLocalClearAndSet4Byte	4	static
../drivers/fsl_clock.h:1212:20:CLOCK_ControlGate	8	static
../drivers/fsl_clock.h:1229:20:CLOCK_EnableClock	8	static
../drivers/fsl_clock.h:1239:20:CLOCK_DisableClock	8	static
../drivers/fsl_common_arm.h:488:24:EnableIRQ	8	static
../drivers/fsl_common_arm.h:568:24:DisableGlobalIRQ	0	static
../drivers/fsl_common_arm.h:595:20:EnableGlobalIRQ	0	static
../drivers/fsl_edma.c:61:17:EDMA_GetInstance	8	static
../drivers/fsl_edma.c:86:6:EDMA_InstallTCD	16	static
../drivers/fsl_edma.c:118:6:EDMA_Init	16	static
../drivers/fsl_edma.c:148:6:EDMA_Deinit	8	static
../drivers/fsl_edma.c:170:6:EDMA_GetDefaultConfig	8	static
../drivers/fsl_edma.c:194:6:EDMA_ResetChannel	8	static
../drivers/fsl_edma.c:226:6:EDMA_SetTransferConfig	8	static
../drivers/fsl_edma.c:245:6:EDMA_SetMinorOffsetConfig	8	static
../drivers/fsl_edma.c:270:6:EDMA_SetMajorOffsetConfig	8	static
../drivers/fsl_edma.c:287:6:EDMA_SetChannelPreemptionConfig	8	static
../drivers/fsl_edma.c:318:6:EDMA_SetChannelLink	8	static
../drivers/fsl_edma.c:340:6:EDMA_SetBandWidth	8	static
../drivers/fsl_edma.c:359:6:EDMA_SetModulo	8	static
../drivers/fsl_edma.c:377:6:EDMA_EnableChannelInterrupts	8	static
../drivers/fsl_edma.c:408:6:EDMA_DisableChannelInterrupts	8	static
../drivers/fsl_edma.c:439:6:EDMA_TcdReset	8	static
../drivers/fsl_edma.c:486:6:EDMA_TcdSetTransferConfig	16	static
../drivers/fsl_edma.c:537:6:EDMA_TcdSetMinorOffsetConfig	8	static
../drivers/fsl_edma.c:561:6:EDMA_TcdSetMajorOffsetConfig	8	static
../drivers/fsl_edma.c:585:6:EDMA_TcdSetChannelLink	8	static
../drivers/fsl_edma.c:635:6:EDMA_TcdSetModulo	8	static
../drivers/fsl_edma.c:653:6:EDMA_TcdEnableInterrupts	8	static
../drivers/fsl_edma.c:677:6:EDMA_TcdDisableInterrupts	8	static
../drivers/fsl_edma.c:715:10:EDMA_GetRemainingMajorLoopCount	8	static
../drivers/fsl_edma.c:751:10:EDMA_GetChannelStatusFlags	8	static
../drivers/fsl_edma.c:775:6:EDMA_ClearChannelStatusFlags	8	static
../drivers/fsl_edma.c:796:17:EDMA_GetInstanceOffset	8	static
../drivers/fsl_edma.c:826:6:EDMA_CreateHandle	16	static
../drivers/fsl_edma.c:880:6:EDMA_InstallTCDMemory	8	static
../drivers/fsl_edma.c:912:6:EDMA_SetCallback	8	static
../drivers/fsl_edma.c:920:29:EDMA_TransferWidthMapping	8	static
../drivers/fsl_edma.c:982:6:EDMA_PrepareTransferConfig	40	static
../drivers/fsl_edma.c:1031:6:EDMA_PrepareTransfer	40	static
../drivers/fsl_edma.c:1085:10:EDMA_SubmitTransfer	32	static
../drivers/fsl_edma.c:1246:6:EDMA_StartTransfer	16	static
../drivers/fsl_edma.c:1293:6:EDMA_StopTransfer	8	static
../drivers/fsl_edma.c:1309:6:EDMA_AbortTransfer	0	static
../drivers/fsl_edma.c:1362:6:EDMA_HandleIRQ	16	static
../drivers/fsl_edma.c:1878:6:DMA0_DMA16_DriverIRQHandler	8	static
../drivers/fsl_edma.c:1892:6:DMA1_DMA17_DriverIRQHandler	8	static
../drivers/fsl_edma.c:1906:6:DMA2_DMA18_DriverIRQHandler	8	static
../drivers/fsl_edma.c:1920:6:DMA3_DMA19_DriverIRQHandler	8	static
../drivers/fsl_edma.c:1934:6:DMA4_DMA20_DriverIRQHandler	8	static
../drivers/fsl_edma.c:1948:6:DMA5_DMA21_DriverIRQHandler	8	static
../drivers/fsl_edma.c:1962:6:DMA6_DMA22_DriverIRQHandler	8	static
../drivers/fsl_edma.c:1976:6:DMA7_DMA23_DriverIRQHandler	8	static
../drivers/fsl_edma.c:1990:6:DMA8_DMA24_DriverIRQHandler	8	static
../drivers/fsl_edma.c:2004:6:DMA9_DMA25_DriverIRQHandler	8	static
../drivers/fsl_edma.c:2018:6:DMA10_DMA26_DriverIRQHandler	8	static
../drivers/fsl_edma.c:2032:6:DMA11_DMA27_DriverIRQHandler	8	static
../drivers/fsl_edma.c:2046:6:DMA12_DMA28_DriverIRQHandler	8	static
../drivers/fsl_edma.c:2060:6:DMA13_DMA29_DriverIRQHandler	8	static
../drivers/fsl_edma.c:2074:6:DMA14_DMA30_DriverIRQHandler	8	static
../drivers/fsl_edma.c:2088:6:DMA15_DMA31_DriverIRQHandler	8	static
