../drivers/fsl_common_arm.h:210:20:_SDK_AtomicLocalClearAndSet4Byte	4	static
../drivers/fsl_clock.h:1212:20:CLOCK_ControlGate	8	static
../drivers/fsl_clock.h:1229:20:CLOCK_EnableClock	8	static
../drivers/fsl_clock.h:1239:20:CLOCK_DisableClock	8	static
../drivers/fsl_semc.h:846:24:SEMC_BuildNandIPCommand	0	static
../drivers/fsl_semc.c:116:17:SEMC_GetInstance	8	static
../drivers/fsl_semc.c:134:17:SEMC_CovertMemorySize	8	static
../drivers/fsl_semc.c:158:16:SEMC_ConvertTiming	8	static
../drivers/fsl_semc.c:177:17:SEMC_ConfigureIPCommand	0	static
../drivers/fsl_semc.c:214:17:SEMC_IsIPCommandDone	0	static
../drivers/fsl_semc.c:250:6:SEMC_GetDefaultConfig	8	static
../drivers/fsl_semc.c:286:6:SEMC_Init	16	static
../drivers/fsl_semc.c:347:6:SEMC_Deinit	8	static
../drivers/fsl_semc.c:374:10:SEMC_ConfigureSDRAM	64	static
../drivers/fsl_semc.c:510:10:SEMC_ConfigureNAND	40	static
../drivers/fsl_semc.c:607:10:SEMC_ConfigureNOR	32	static
../drivers/fsl_semc.c:746:10:SEMC_ConfigureSRAM	8	static
../drivers/fsl_semc.c:759:10:SEMC_ConfigureSRAMWithChipSelection	32	static
../drivers/fsl_semc.c:1033:10:SEMC_ConfigureDBI	32	static
../drivers/fsl_semc.c:1102:10:SEMC_SendIPCommand	16	static
../drivers/fsl_semc.c:1175:10:SEMC_IPCommandNandWrite	32	static
../drivers/fsl_semc.c:1224:10:SEMC_IPCommandNandRead	48	static
../drivers/fsl_semc.c:1272:10:SEMC_IPCommandNorRead	48	static
../drivers/fsl_semc.c:1319:10:SEMC_IPCommandNorWrite	40	static
