../drivers/fsl_common_arm.h:210:20:_SDK_AtomicLocalClearAndSet4Byte	4	static
../drivers/fsl_clock.h:1212:20:CLOCK_ControlGate	8	static
../drivers/fsl_clock.h:1229:20:CLOCK_EnableClock	8	static
../drivers/fsl_clock.h:1239:20:CLOCK_DisableClock	8	static
../drivers/fsl_qtmr.c:41:17:QTMR_GetInstance	8	static
../drivers/fsl_qtmr.c:68:6:QTMR_Init	16	static
../drivers/fsl_qtmr.c:99:6:QTMR_Deinit	8	static
../drivers/fsl_qtmr.c:125:6:QTMR_GetDefaultConfig	8	static
../drivers/fsl_qtmr.c:165:10:QTMR_SetupPwm	16	static
../drivers/fsl_qtmr.c:257:6:QTMR_SetupInputCapture	8	static
../drivers/fsl_qtmr.c:299:6:QTMR_EnableInterrupts	4	static
../drivers/fsl_qtmr.c:345:6:QTMR_DisableInterrupts	0	static
../drivers/fsl_qtmr.c:390:10:QTMR_GetEnabledInterrupts	0	static
../drivers/fsl_qtmr.c:436:10:QTMR_GetStatus	0	static
../drivers/fsl_qtmr.c:481:6:QTMR_ClearStatusFlags	0	static
../drivers/fsl_qtmr.c:533:6:QTMR_SetTimerPeriod	0	static
../drivers/fsl_qtmr.c:558:6:QTMR_EnableDma	4	static
../drivers/fsl_qtmr.c:591:6:QTMR_DisableDma	0	static
